<html>
<body>
<pre>
<h1>µVision Build Log</h1>
<h2>Tool Versions:</h2>
IDE-Version: µVision V5.15
Copyright (C) 2015 ARM Ltd and ARM Germany GmbH. All rights reserved.
License Information: Lee Jacob-Lee, CUHK, LIC=----
 
Tool Versions:
Toolchain:       MDK-Lite  Version: 5.15.0
Toolchain Path:  C:\Keil_v5\ARM\ARMCC\Bin
C Compiler:      Armcc.exe V5.05 update 2 (build 169)
Assembler:       Armasm.exe V5.05 update 2 (build 169)
Linker/Locator:  ArmLink.exe V5.05 update 2 (build 169)
Library Manager: ArmAr.exe V5.05 update 2 (build 169)
Hex Converter:   FromElf.exe V5.05 update 2 (build 169)
CPU DLL:         SARMCM3.DLL V5.15.0
Dialog DLL:      DCM.DLL V1.13.2.0
Target DLL:      UL2CM3.DLL V1.155.8.0
Dialog DLL:      TCM.DLL V1.14.5.0
 
<h2>Project:</h2>
C:\Users\Jacob-Lee\Documents\github\IERG3810_gp14_minipro\minipro_gp14\mini-pro.uvprojx
Project File Date:  04/20/2021

<h2>Output:</h2>
*** Using Compiler 'V5.05 update 2 (build 169)', folder: 'C:\Keil_v5\ARM\ARMCC\Bin'
Build target 'mini-pro'
compiling IERG_Game_Logic.c...
Board\IERG3810_LED.h(10): warning:  #1295-D: Deprecated declaration IERG3810_LED_Init - give arg types
  void IERG3810_LED_Init();
Board\IERG3810_LED.h(15): warning:  #1295-D: Deprecated declaration IERG3810_TFTLCD_SetParameter - give arg types
  void IERG3810_TFTLCD_SetParameter();
Board\IERG3810_LED.h(16): warning:  #1295-D: Deprecated declaration IERG3810_TFTLCD_Init - give arg types
  void IERG3810_TFTLCD_Init();
Board\IERG3810_KEY.h(6): warning:  #1295-D: Deprecated declaration IERG3810_KEY_Init - give arg types
  void IERG3810_KEY_Init();
Board\IERG_Game_Logic.h(14): warning:  #1295-D: Deprecated declaration start_page - give arg types
  void start_page();
Board\IERG_Game_Logic.h(15): warning:  #1295-D: Deprecated declaration start_game - give arg types
  void start_game();
Board\IERG_Game_Logic.c(161): warning:  #550-D: variable "life" was set but never used
        u8 life[2];
Board\IERG_Game_Logic.c: 7 warnings, 0 errors
linking...
Program Size: Code=10072 RO-data=4568 RW-data=136 ZI-data=2280  
FromELF: creating hex file...
".\Objects\_mini-pro.axf" - 0 Error(s), 7 Warning(s).

<h2>Collection of Component include folders:</h2>
  C:\Users\Jacob-Lee\Documents\github\IERG3810_gp14_minipro\minipro_gp14\RTE
  C:\Keil_v5\ARM\PACK\Keil\STM32F1xx_DFP\2.3.0\Device\Include

<h2>Collection of Component Files used:</h2>
</pre>
</body>
</html>
