<html>
<body>
<pre>
<h1>µVision Build Log</h1>
<h2>Tool Versions:</h2>
IDE-Version: µVision V5.15
Copyright (C) 2015 ARM Ltd and ARM Germany GmbH. All rights reserved.
License Information: Lee Jacob-Lee, CUHK, LIC=----
 
Tool Versions:
Toolchain:       MDK-Lite  Version: 5.15.0
Toolchain Path:  C:\Keil_v5\ARM\ARMCC\Bin
C Compiler:      Armcc.exe V5.05 update 2 (build 169)
Assembler:       Armasm.exe V5.05 update 2 (build 169)
Linker/Locator:  ArmLink.exe V5.05 update 2 (build 169)
Library Manager: ArmAr.exe V5.05 update 2 (build 169)
Hex Converter:   FromElf.exe V5.05 update 2 (build 169)
CPU DLL:         SARMCM3.DLL V5.15.0
Dialog DLL:      DCM.DLL V1.13.2.0
Target DLL:      UL2CM3.DLL V1.155.8.0
Dialog DLL:      TCM.DLL V1.14.5.0
 
<h2>Project:</h2>
C:\Users\Jacob-Lee\Documents\github\IERG3810_gp14_minipro\minipro_gp14\mini-pro.uvprojx
Project File Date:  04/19/2021

<h2>Output:</h2>
*** Using Compiler 'V5.05 update 2 (build 169)', folder: 'C:\Keil_v5\ARM\ARMCC\Bin'
Rebuild target 'mini-pro'
compiling stm32f10x_it.c...
compiling misc.c...
compiling stm32f10x_adc.c...
compiling stm32f10x_bkp.c...
compiling stm32f10x_can.c...
compiling stm32f10x_cec.c...
compiling stm32f10x_crc.c...
compiling stm32f10x_dac.c...
compiling stm32f10x_dbgmcu.c...
compiling stm32f10x_dma.c...
compiling stm32f10x_exti.c...
compiling stm32f10x_flash.c...
compiling stm32f10x_fsmc.c...
compiling stm32f10x_gpio.c...
compiling stm32f10x_i2c.c...
compiling stm32f10x_iwdg.c...
compiling stm32f10x_pwr.c...
compiling stm32f10x_rcc.c...
compiling stm32f10x_rtc.c...
compiling stm32f10x_sdio.c...
compiling stm32f10x_spi.c...
compiling stm32f10x_tim.c...
compiling stm32f10x_usart.c...
compiling stm32f10x_wwdg.c...
assembling startup_stm32f10x_hd.s...
compiling core_cm3.c...
compiling system_stm32f10x.c...
compiling IERG3810_Buzzer.c...
Board\IERG3810_Buzzer.h(6): warning:  #1295-D: Deprecated declaration IERG_3810_Buzzer_Init - give arg types
  void IERG_3810_Buzzer_Init();
Board\IERG3810_Buzzer.c(15): warning:  #1-D: last line of file ends without a newline
  }
Board\IERG3810_Buzzer.c: 2 warnings, 0 errors
compiling IERG3810_KEY.c...
Board\IERG3810_KEY.h(6): warning:  #1295-D: Deprecated declaration IERG3810_KEY_Init - give arg types
  void IERG3810_KEY_Init();
Board\IERG3810_KEY.c(24): warning:  #1-D: last line of file ends without a newline
  }
Board\IERG3810_KEY.c: 2 warnings, 0 errors
compiling IERG3810_LED.c...
Board\IERG3810_LED.h(10): warning:  #1295-D: Deprecated declaration IERG3810_LED_Init - give arg types
  void IERG3810_LED_Init();
Board\IERG3810_LED.h(15): warning:  #1295-D: Deprecated declaration IERG3810_TFTLCD_SetParameter - give arg types
  void IERG3810_TFTLCD_SetParameter();
Board\IERG3810_LED.h(16): warning:  #1295-D: Deprecated declaration IERG3810_TFTLCD_Init - give arg types
  void IERG3810_TFTLCD_Init();
Board\IERG3810_LED.c(167): warning:  #1-D: last line of file ends without a newline
  }
Board\IERG3810_LED.c: 4 warnings, 0 errors
compiling IERG3810_USART_CLOKC_TREE_INIT.c...
compiling IERG3810_USART1_INIT.c...
Board\IERG3810_USART1_INIT.c(23): warning:  #1-D: last line of file ends without a newline
  }
Board\IERG3810_USART1_INIT.c: 1 warning, 0 errors
compiling IERG3810_USART2_INIT.c...
Board\IERG3810_USART2_INIT.c(23): warning:  #1-D: last line of file ends without a newline
  }
Board\IERG3810_USART2_INIT.c: 1 warning, 0 errors
compiling IERG3810_key_Controller.c...
compiling IERG3810_Delay.c...
Board\mini_pro_lib\IERG3810_Delay.c(166): warning:  #1-D: last line of file ends without a newline
  #endif 
Board\mini_pro_lib\IERG3810_Delay.c: 1 warning, 0 errors
compiling IERG3810_Game_UI.c...
.\Board\IERG3810_LED.h(10): warning:  #1295-D: Deprecated declaration IERG3810_LED_Init - give arg types
  void IERG3810_LED_Init();
.\Board\IERG3810_LED.h(15): warning:  #1295-D: Deprecated declaration IERG3810_TFTLCD_SetParameter - give arg types
  void IERG3810_TFTLCD_SetParameter();
.\Board\IERG3810_LED.h(16): warning:  #1295-D: Deprecated declaration IERG3810_TFTLCD_Init - give arg types
  void IERG3810_TFTLCD_Init();
Board\mini_pro_lib\IERG3810_Game_UI.c: 3 warnings, 0 errors
compiling IERG3810_LCD_Controller.c...
.\Board\IERG3810_LED.h(10): warning:  #1295-D: Deprecated declaration IERG3810_LED_Init - give arg types
  void IERG3810_LED_Init();
.\Board\IERG3810_LED.h(15): warning:  #1295-D: Deprecated declaration IERG3810_TFTLCD_SetParameter - give arg types
  void IERG3810_TFTLCD_SetParameter();
.\Board\IERG3810_LED.h(16): warning:  #1295-D: Deprecated declaration IERG3810_TFTLCD_Init - give arg types
  void IERG3810_TFTLCD_Init();
Board\mini_pro_lib\IERG3810_LCD_Controller.c: 3 warnings, 0 errors
compiling rtc.c...
compiling IERG3810_System_Init.c...
compiling tim.c...
compiling usart.c...
compiling IERG_Game_Logic.c...
Board\IERG3810_LED.h(10): warning:  #1295-D: Deprecated declaration IERG3810_LED_Init - give arg types
  void IERG3810_LED_Init();
Board\IERG3810_LED.h(15): warning:  #1295-D: Deprecated declaration IERG3810_TFTLCD_SetParameter - give arg types
  void IERG3810_TFTLCD_SetParameter();
Board\IERG3810_LED.h(16): warning:  #1295-D: Deprecated declaration IERG3810_TFTLCD_Init - give arg types
  void IERG3810_TFTLCD_Init();
Board\IERG3810_KEY.h(6): warning:  #1295-D: Deprecated declaration IERG3810_KEY_Init - give arg types
  void IERG3810_KEY_Init();
Board\IERG_Game_Logic.h(14): warning:  #1295-D: Deprecated declaration start_page - give arg types
  void start_page();
Board\IERG_Game_Logic.h(15): warning:  #1295-D: Deprecated declaration start_game - give arg types
  void start_game();
Board\IERG_Game_Logic.c(135): warning:  #177-D: variable "counter" was declared but never referenced
        u16 counter = 0;
Board\IERG_Game_Logic.c: 7 warnings, 0 errors
compiling main.c...
User\IERG3810_LED.h(7): warning:  #1295-D: Deprecated declaration IERG3810_LED_Init - give arg types
  void IERG3810_LED_Init();
User\IERG3810_KEY.h(6): warning:  #1295-D: Deprecated declaration IERG3810_KEY_Init - give arg types
  void IERG3810_KEY_Init();
User\IERG3810_Buzzer.h(6): warning:  #1295-D: Deprecated declaration IERG_3810_Buzzer_Init - give arg types
  void IERG_3810_Buzzer_Init();
.\Board\IERG_Game_Logic.h(14): warning:  #1295-D: Deprecated declaration start_page - give arg types
  void start_page();
.\Board\IERG_Game_Logic.h(15): warning:  #1295-D: Deprecated declaration start_game - give arg types
  void start_game();
User\main.c: 5 warnings, 0 errors
linking...
Program Size: Code=8204 RO-data=1880 RW-data=80 ZI-data=2280  
FromELF: creating hex file...
".\Objects\_mini-pro.axf" - 0 Error(s), 29 Warning(s).

<h2>Collection of Component include folders:</h2>
  C:\Users\Jacob-Lee\Documents\github\IERG3810_gp14_minipro\minipro_gp14\RTE
  C:\Keil_v5\ARM\PACK\Keil\STM32F1xx_DFP\2.3.0\Device\Include

<h2>Collection of Component Files used:</h2>
</pre>
</body>
</html>
