Component: ARM Compiler 5.05 update 2 (build 169) Tool: armlink [4d0f33]

==============================================================================

Section Cross References

    stm32f10x_adc.o(i.ADC_DeInit) refers to stm32f10x_rcc.o(i.RCC_APB2PeriphResetCmd) for RCC_APB2PeriphResetCmd
    stm32f10x_bkp.o(i.BKP_DeInit) refers to stm32f10x_rcc.o(i.RCC_BackupResetCmd) for RCC_BackupResetCmd
    stm32f10x_can.o(i.CAN_DeInit) refers to stm32f10x_rcc.o(i.RCC_APB1PeriphResetCmd) for RCC_APB1PeriphResetCmd
    stm32f10x_can.o(i.CAN_GetITStatus) refers to stm32f10x_can.o(i.CheckITStatus) for CheckITStatus
    stm32f10x_cec.o(i.CEC_DeInit) refers to stm32f10x_rcc.o(i.RCC_APB1PeriphResetCmd) for RCC_APB1PeriphResetCmd
    stm32f10x_dac.o(i.DAC_DeInit) refers to stm32f10x_rcc.o(i.RCC_APB1PeriphResetCmd) for RCC_APB1PeriphResetCmd
    stm32f10x_flash.o(i.FLASH_EnableWriteProtection) refers to stm32f10x_flash.o(i.FLASH_WaitForLastOperation) for FLASH_WaitForLastOperation
    stm32f10x_flash.o(i.FLASH_EraseAllBank1Pages) refers to stm32f10x_flash.o(i.FLASH_WaitForLastBank1Operation) for FLASH_WaitForLastBank1Operation
    stm32f10x_flash.o(i.FLASH_EraseAllPages) refers to stm32f10x_flash.o(i.FLASH_WaitForLastOperation) for FLASH_WaitForLastOperation
    stm32f10x_flash.o(i.FLASH_EraseOptionBytes) refers to stm32f10x_flash.o(i.FLASH_GetReadOutProtectionStatus) for FLASH_GetReadOutProtectionStatus
    stm32f10x_flash.o(i.FLASH_EraseOptionBytes) refers to stm32f10x_flash.o(i.FLASH_WaitForLastOperation) for FLASH_WaitForLastOperation
    stm32f10x_flash.o(i.FLASH_ErasePage) refers to stm32f10x_flash.o(i.FLASH_WaitForLastOperation) for FLASH_WaitForLastOperation
    stm32f10x_flash.o(i.FLASH_ProgramHalfWord) refers to stm32f10x_flash.o(i.FLASH_WaitForLastOperation) for FLASH_WaitForLastOperation
    stm32f10x_flash.o(i.FLASH_ProgramOptionByteData) refers to stm32f10x_flash.o(i.FLASH_WaitForLastOperation) for FLASH_WaitForLastOperation
    stm32f10x_flash.o(i.FLASH_ProgramWord) refers to stm32f10x_flash.o(i.FLASH_WaitForLastOperation) for FLASH_WaitForLastOperation
    stm32f10x_flash.o(i.FLASH_ReadOutProtection) refers to stm32f10x_flash.o(i.FLASH_WaitForLastOperation) for FLASH_WaitForLastOperation
    stm32f10x_flash.o(i.FLASH_UserOptionByteConfig) refers to stm32f10x_flash.o(i.FLASH_WaitForLastOperation) for FLASH_WaitForLastOperation
    stm32f10x_flash.o(i.FLASH_WaitForLastBank1Operation) refers to stm32f10x_flash.o(i.FLASH_GetBank1Status) for FLASH_GetBank1Status
    stm32f10x_flash.o(i.FLASH_WaitForLastOperation) refers to stm32f10x_flash.o(i.FLASH_GetBank1Status) for FLASH_GetBank1Status
    stm32f10x_gpio.o(i.GPIO_AFIODeInit) refers to stm32f10x_rcc.o(i.RCC_APB2PeriphResetCmd) for RCC_APB2PeriphResetCmd
    stm32f10x_gpio.o(i.GPIO_DeInit) refers to stm32f10x_rcc.o(i.RCC_APB2PeriphResetCmd) for RCC_APB2PeriphResetCmd
    stm32f10x_i2c.o(i.I2C_DeInit) refers to stm32f10x_rcc.o(i.RCC_APB1PeriphResetCmd) for RCC_APB1PeriphResetCmd
    stm32f10x_i2c.o(i.I2C_Init) refers to stm32f10x_rcc.o(i.RCC_GetClocksFreq) for RCC_GetClocksFreq
    stm32f10x_pwr.o(i.PWR_DeInit) refers to stm32f10x_rcc.o(i.RCC_APB1PeriphResetCmd) for RCC_APB1PeriphResetCmd
    stm32f10x_rcc.o(i.RCC_GetClocksFreq) refers to stm32f10x_rcc.o(.data) for APBAHBPrescTable
    stm32f10x_rcc.o(i.RCC_WaitForHSEStartUp) refers to stm32f10x_rcc.o(i.RCC_GetFlagStatus) for RCC_GetFlagStatus
    stm32f10x_rtc.o(i.RTC_SetAlarm) refers to stm32f10x_rtc.o(i.RTC_EnterConfigMode) for RTC_EnterConfigMode
    stm32f10x_rtc.o(i.RTC_SetAlarm) refers to stm32f10x_rtc.o(i.RTC_ExitConfigMode) for RTC_ExitConfigMode
    stm32f10x_rtc.o(i.RTC_SetCounter) refers to stm32f10x_rtc.o(i.RTC_EnterConfigMode) for RTC_EnterConfigMode
    stm32f10x_rtc.o(i.RTC_SetCounter) refers to stm32f10x_rtc.o(i.RTC_ExitConfigMode) for RTC_ExitConfigMode
    stm32f10x_rtc.o(i.RTC_SetPrescaler) refers to stm32f10x_rtc.o(i.RTC_EnterConfigMode) for RTC_EnterConfigMode
    stm32f10x_rtc.o(i.RTC_SetPrescaler) refers to stm32f10x_rtc.o(i.RTC_ExitConfigMode) for RTC_ExitConfigMode
    stm32f10x_spi.o(i.I2S_Init) refers to stm32f10x_rcc.o(i.RCC_GetClocksFreq) for RCC_GetClocksFreq
    stm32f10x_spi.o(i.SPI_I2S_DeInit) refers to stm32f10x_rcc.o(i.RCC_APB2PeriphResetCmd) for RCC_APB2PeriphResetCmd
    stm32f10x_spi.o(i.SPI_I2S_DeInit) refers to stm32f10x_rcc.o(i.RCC_APB1PeriphResetCmd) for RCC_APB1PeriphResetCmd
    stm32f10x_tim.o(i.TIM_DeInit) refers to stm32f10x_rcc.o(i.RCC_APB2PeriphResetCmd) for RCC_APB2PeriphResetCmd
    stm32f10x_tim.o(i.TIM_DeInit) refers to stm32f10x_rcc.o(i.RCC_APB1PeriphResetCmd) for RCC_APB1PeriphResetCmd
    stm32f10x_tim.o(i.TIM_ETRClockMode1Config) refers to stm32f10x_tim.o(i.TIM_ETRConfig) for TIM_ETRConfig
    stm32f10x_tim.o(i.TIM_ETRClockMode2Config) refers to stm32f10x_tim.o(i.TIM_ETRConfig) for TIM_ETRConfig
    stm32f10x_tim.o(i.TIM_ICInit) refers to stm32f10x_tim.o(i.TI1_Config) for TI1_Config
[...]
    Removing stm32f10x_tim.o(i.TIM_ClearOC4Ref), (24 bytes).
    Removing stm32f10x_tim.o(i.TIM_CounterModeConfig), (18 bytes).
    Removing stm32f10x_tim.o(i.TIM_CtrlPWMOutputs), (30 bytes).
    Removing stm32f10x_tim.o(i.TIM_DMACmd), (18 bytes).
    Removing stm32f10x_tim.o(i.TIM_DMAConfig), (10 bytes).
    Removing stm32f10x_tim.o(i.TIM_DeInit), (488 bytes).
    Removing stm32f10x_tim.o(i.TIM_ETRClockMode1Config), (54 bytes).
    Removing stm32f10x_tim.o(i.TIM_ETRClockMode2Config), (32 bytes).
    Removing stm32f10x_tim.o(i.TIM_ETRConfig), (28 bytes).
    Removing stm32f10x_tim.o(i.TIM_EncoderInterfaceConfig), (66 bytes).
    Removing stm32f10x_tim.o(i.TIM_ForcedOC1Config), (18 bytes).
    Removing stm32f10x_tim.o(i.TIM_ForcedOC2Config), (26 bytes).
    Removing stm32f10x_tim.o(i.TIM_ForcedOC3Config), (18 bytes).
    Removing stm32f10x_tim.o(i.TIM_ForcedOC4Config), (26 bytes).
    Removing stm32f10x_tim.o(i.TIM_GenerateEvent), (4 bytes).
    Removing stm32f10x_tim.o(i.TIM_GetCapture2), (6 bytes).
    Removing stm32f10x_tim.o(i.TIM_GetCapture3), (6 bytes).
    Removing stm32f10x_tim.o(i.TIM_GetCapture4), (8 bytes).
    Removing stm32f10x_tim.o(i.TIM_GetCounter), (6 bytes).
    Removing stm32f10x_tim.o(i.TIM_GetFlagStatus), (18 bytes).
    Removing stm32f10x_tim.o(i.TIM_GetPrescaler), (6 bytes).
    Removing stm32f10x_tim.o(i.TIM_ICInit), (172 bytes).
    Removing stm32f10x_tim.o(i.TIM_ICStructInit), (18 bytes).
    Removing stm32f10x_tim.o(i.TIM_ITRxExternalClockConfig), (24 bytes).
    Removing stm32f10x_tim.o(i.TIM_InternalClockConfig), (12 bytes).
    Removing stm32f10x_tim.o(i.TIM_OC1FastConfig), (18 bytes).
    Removing stm32f10x_tim.o(i.TIM_OC1Init), (152 bytes).
    Removing stm32f10x_tim.o(i.TIM_OC1NPolarityConfig), (18 bytes).
    Removing stm32f10x_tim.o(i.TIM_OC1PreloadConfig), (18 bytes).
    Removing stm32f10x_tim.o(i.TIM_OC2FastConfig), (26 bytes).
    Removing stm32f10x_tim.o(i.TIM_OC2Init), (164 bytes).
    Removing stm32f10x_tim.o(i.TIM_OC2NPolarityConfig), (26 bytes).
    Removing stm32f10x_tim.o(i.TIM_OC2PolarityConfig), (26 bytes).
    Removing stm32f10x_tim.o(i.TIM_OC2PreloadConfig), (26 bytes).
    Removing stm32f10x_tim.o(i.TIM_OC3FastConfig), (18 bytes).
    Removing stm32f10x_tim.o(i.TIM_OC3Init), (160 bytes).
    Removing stm32f10x_tim.o(i.TIM_OC3NPolarityConfig), (26 bytes).
    Removing stm32f10x_tim.o(i.TIM_OC3PolarityConfig), (26 bytes).
    Removing stm32f10x_tim.o(i.TIM_OC3PreloadConfig), (18 bytes).
    Removing stm32f10x_tim.o(i.TIM_OC4FastConfig), (26 bytes).
    Removing stm32f10x_tim.o(i.TIM_OC4Init), (124 bytes).
    Removing stm32f10x_tim.o(i.TIM_OC4PolarityConfig), (26 bytes).
    Removing stm32f10x_tim.o(i.TIM_OC4PreloadConfig), (26 bytes).
    Removing stm32f10x_tim.o(i.TIM_OCStructInit), (20 bytes).
    Removing stm32f10x_tim.o(i.TIM_PWMIConfig), (124 bytes).
    Removing stm32f10x_tim.o(i.TIM_PrescalerConfig), (6 bytes).
    Removing stm32f10x_tim.o(i.TIM_SelectCCDMA), (24 bytes).
    Removing stm32f10x_tim.o(i.TIM_SelectCOM), (24 bytes).
    Removing stm32f10x_tim.o(i.TIM_SelectHallSensor), (24 bytes).
    Removing stm32f10x_tim.o(i.TIM_SelectInputTrigger), (18 bytes).
    Removing stm32f10x_tim.o(i.TIM_SelectMasterSlaveMode), (18 bytes).
    Removing stm32f10x_tim.o(i.TIM_SelectOCxM), (82 bytes).
    Removing stm32f10x_tim.o(i.TIM_SelectOnePulseMode), (18 bytes).
    Removing stm32f10x_tim.o(i.TIM_SelectOutputTrigger), (18 bytes).
    Removing stm32f10x_tim.o(i.TIM_SelectSlaveMode), (18 bytes).
    Removing stm32f10x_tim.o(i.TIM_SetAutoreload), (4 bytes).
    Removing stm32f10x_tim.o(i.TIM_SetClockDivision), (18 bytes).
    Removing stm32f10x_tim.o(i.TIM_SetCompare1), (4 bytes).
    Removing stm32f10x_tim.o(i.TIM_SetCompare2), (4 bytes).
    Removing stm32f10x_tim.o(i.TIM_SetCompare3), (4 bytes).
    Removing stm32f10x_tim.o(i.TIM_SetCompare4), (6 bytes).
    Removing stm32f10x_tim.o(i.TIM_SetIC1Prescaler), (18 bytes).
    Removing stm32f10x_tim.o(i.TIM_SetIC2Prescaler), (26 bytes).
    Removing stm32f10x_tim.o(i.TIM_SetIC3Prescaler), (18 bytes).
    Removing stm32f10x_tim.o(i.TIM_SetIC4Prescaler), (26 bytes).
    Removing stm32f10x_tim.o(i.TIM_TIxExternalClockConfig), (62 bytes).
    Removing stm32f10x_tim.o(i.TIM_TimeBaseStructInit), (18 bytes).
    Removing stm32f10x_tim.o(i.TIM_UpdateDisableConfig), (24 bytes).
    Removing stm32f10x_tim.o(i.TIM_UpdateRequestConfig), (24 bytes).
    Removing stm32f10x_usart.o(i.USART_ClearFlag), (18 bytes).
    Removing stm32f10x_usart.o(i.USART_ClearITPendingBit), (30 bytes).
    Removing stm32f10x_usart.o(i.USART_ClockInit), (34 bytes).
    Removing stm32f10x_usart.o(i.USART_ClockStructInit), (12 bytes).
    Removing stm32f10x_usart.o(i.USART_DMACmd), (18 bytes).
    Removing stm32f10x_usart.o(i.USART_DeInit), (156 bytes).
    Removing stm32f10x_usart.o(i.USART_GetFlagStatus), (26 bytes).
    Removing stm32f10x_usart.o(i.USART_HalfDuplexCmd), (24 bytes).
    Removing stm32f10x_usart.o(i.USART_IrDACmd), (24 bytes).
    Removing stm32f10x_usart.o(i.USART_IrDAConfig), (18 bytes).
    Removing stm32f10x_usart.o(i.USART_LINBreakDetectLengthConfig), (18 bytes).
    Removing stm32f10x_usart.o(i.USART_LINCmd), (24 bytes).
    Removing stm32f10x_usart.o(i.USART_OneBitMethodCmd), (24 bytes).
    Removing stm32f10x_usart.o(i.USART_OverSampling8Cmd), (22 bytes).
    Removing stm32f10x_usart.o(i.USART_ReceiverWakeUpCmd), (24 bytes).
    Removing stm32f10x_usart.o(i.USART_SendBreak), (10 bytes).
    Removing stm32f10x_usart.o(i.USART_SendData), (8 bytes).
    Removing stm32f10x_usart.o(i.USART_SetAddress), (18 bytes).
    Removing stm32f10x_usart.o(i.USART_SetGuardTime), (16 bytes).
    Removing stm32f10x_usart.o(i.USART_SetPrescaler), (16 bytes).
    Removing stm32f10x_usart.o(i.USART_SmartCardCmd), (24 bytes).
    Removing stm32f10x_usart.o(i.USART_SmartCardNACKCmd), (24 bytes).
    Removing stm32f10x_usart.o(i.USART_StructInit), (24 bytes).
    Removing stm32f10x_usart.o(i.USART_WakeUpConfig), (18 bytes).
    Removing stm32f10x_wwdg.o(i.WWDG_ClearFlag), (12 bytes).
    Removing stm32f10x_wwdg.o(i.WWDG_DeInit), (22 bytes).
    Removing stm32f10x_wwdg.o(i.WWDG_Enable), (16 bytes).
    Removing stm32f10x_wwdg.o(i.WWDG_EnableIT), (12 bytes).
    Removing stm32f10x_wwdg.o(i.WWDG_GetFlagStatus), (12 bytes).
    Removing stm32f10x_wwdg.o(i.WWDG_SetCounter), (16 bytes).
    Removing stm32f10x_wwdg.o(i.WWDG_SetPrescaler), (24 bytes).
    Removing stm32f10x_wwdg.o(i.WWDG_SetWindowValue), (40 bytes).
    Removing core_cm3.o(.emb_text), (32 bytes).
    Removing system_stm32f10x.o(i.SystemCoreClockUpdate), (164 bytes).
    Removing ierg3810_key.o(i.IERG3810_KEY_Init), (136 bytes).
    Removing ierg3810_led.o(i.IERG3810_LED_Init), (116 bytes).
    Removing ierg3810_led.o(i.IERG3810_TFTLCD_ShowTChar), (232 bytes).
    Removing ierg3810_usart_clokc_tree_init.o(i.IERG3810_clock_tree_init), (164 bytes).
    Removing ierg3810_usart1_init.o(i.IERG3810_USART1_init), (196 bytes).
    Removing ierg3810_usart2_init.o(i.IERG3810_USART2_init), (196 bytes).
    Removing ierg3810_delay.o(i.delay_us), (76 bytes).
    Removing ierg3810_game_ui.o(i.GUI_Dot), (28 bytes).
    Removing ierg3810_game_ui.o(i.GUI_DrowSign), (136 bytes).
    Removing ierg3810_game_ui.o(i.GUI_Line), (172 bytes).
    Removing ierg3810_game_ui.o(i.LCD_DrawRectangle), (74 bytes).
    Removing ierg3810_game_ui.o(i.LCD_Draw_Point), (20 bytes).
    Removing ierg3810_lcd_controller.o(i.TFT_FSMC_Config), (86 bytes).
    Removing ierg3810_lcd_controller.o(i.TFT_GPIO_Config), (88 bytes).
    Removing ierg3810_lcd_controller.o(i.TFT_Init), (374 bytes).
    Removing ierg3810_lcd_controller.o(i.TFT_SetWindow), (74 bytes).
    Removing ierg3810_lcd_controller.o(i.TFT_WriteCmd), (12 bytes).
    Removing ierg3810_lcd_controller.o(i.TFT_WriteData), (12 bytes).
    Removing ierg3810_lcd_controller.o(.data), (2 bytes).
    Removing rtc.o(i.RTC_Alarm_Set), (200 bytes).
    Removing ierg3810_system_init.o(i.NVIC_Configuration), (12 bytes).
    Removing tim.o(i.tim3_pwm_init), (148 bytes).
    Removing tim.o(i.tim5_input1_init), (144 bytes).

456 unused section(s) (total 20200 bytes) removed from the image.

==============================================================================

Image Symbol Table

    Local Symbols

    Symbol Name                              Value     Ov Type        Size  Object(Section)

    ../clib/angel/boardlib.s                 0x00000000   Number         0  boardinit1.o ABSOLUTE
    ../clib/angel/boardlib.s                 0x00000000   Number         0  boardinit2.o ABSOLUTE
    ../clib/angel/boardlib.s                 0x00000000   Number         0  boardinit3.o ABSOLUTE
    ../clib/angel/boardlib.s                 0x00000000   Number         0  boardshut.o ABSOLUTE
    ../clib/angel/handlers.s                 0x00000000   Number         0  __scatter_zi.o ABSOLUTE
    ../clib/angel/handlers.s                 0x00000000   Number         0  __scatter_copy.o ABSOLUTE
    ../clib/angel/kernel.s                   0x00000000   Number         0  rtexit.o ABSOLUTE
    ../clib/angel/kernel.s                   0x00000000   Number         0  __rtentry.o ABSOLUTE
    ../clib/angel/kernel.s                   0x00000000   Number         0  rtexit2.o ABSOLUTE
    ../clib/angel/kernel.s                   0x00000000   Number         0  __rtentry2.o ABSOLUTE
    ../clib/angel/kernel.s                   0x00000000   Number         0  __rtentry4.o ABSOLUTE
    ../clib/angel/rt.s                       0x00000000   Number         0  rt_raise.o ABSOLUTE
    ../clib/angel/scatter.s                  0x00000000   Number         0  __scatter.o ABSOLUTE
    ../clib/angel/startup.s                  0x00000000   Number         0  __main.o ABSOLUTE
    ../clib/angel/sys.s                      0x00000000   Number         0  sys_stackheap_outer.o ABSOLUTE
    ../clib/angel/sys.s                      0x00000000   Number         0  use_no_semi.o ABSOLUTE
    ../clib/angel/sys.s                      0x00000000   Number         0  indicate_semi.o ABSOLUTE
    ../clib/angel/sys.s                      0x00000000   Number         0  use_no_semi_2.o ABSOLUTE
    ../clib/angel/sys.s                      0x00000000   Number         0  libspace.o ABSOLUTE
    ../clib/angel/sysapp.c                   0x00000000   Number         0  sys_wrch.o ABSOLUTE
    ../clib/angel/sysapp.c                   0x00000000   Number         0  sys_command.o ABSOLUTE
    ../clib/armsys.c                         0x00000000   Number         0  _get_argv_nomalloc.o ABSOLUTE
    ../clib/armsys.c                         0x00000000   Number         0  no_argv.o ABSOLUTE
    ../clib/armsys.c                         0x00000000   Number         0  argv_veneer.o ABSOLUTE
    ../clib/armsys.c                         0x00000000   Number         0  argv_veneer.o ABSOLUTE
    ../clib/heapalloc.c                      0x00000000   Number         0  hrguard.o ABSOLUTE
    ../clib/heapaux.c                        0x00000000   Number         0  heapauxi.o ABSOLUTE
    ../clib/libinit.s                        0x00000000   Number         0  libshutdown.o ABSOLUTE
    ../clib/libinit.s                        0x00000000   Number         0  libinit.o ABSOLUTE
    ../clib/libinit.s                        0x00000000   Number         0  libshutdown2.o ABSOLUTE
    ../clib/libinit.s                        0x00000000   Number         0  libinit2.o ABSOLUTE
    ../clib/memcpset.s                       0x00000000   Number         0  rt_memcpy_w.o ABSOLUTE
    ../clib/printf.c                         0x00000000   Number         0  __printf_flags_ss_wp.o ABSOLUTE
    ../clib/printf.c                         0x00000000   Number         0  noretval__2printf.o ABSOLUTE
    ../clib/printf.c                         0x00000000   Number         0  __printf_nopercent.o ABSOLUTE
    ../clib/printf.c                         0x00000000   Number         0  _printf_char_common.o ABSOLUTE
    ../clib/printf.c                         0x00000000   Number         0  _printf_char_file.o ABSOLUTE
    ../clib/printf.c                         0x00000000   Number         0  _printf_intcommon.o ABSOLUTE
    ../clib/printf.c                         0x00000000   Number         0  __printf_ss_wp.o ABSOLUTE
    ../clib/printf.c                         0x00000000   Number         0  __printf_flags_wp.o ABSOLUTE
    ../clib/printf.c                         0x00000000   Number         0  __printf_wp.o ABSOLUTE
    ../clib/printf.c                         0x00000000   Number         0  __printf_flags_ss.o ABSOLUTE
    ../clib/printf.c                         0x00000000   Number         0  __printf_ss.o ABSOLUTE
    ../clib/printf.c                         0x00000000   Number         0  __printf_flags.o ABSOLUTE
    ../clib/printf.c                         0x00000000   Number         0  _printf_dec.o ABSOLUTE
    ../clib/printf.c                         0x00000000   Number         0  __printf.o ABSOLUTE
    ../clib/printf.c                         0x00000000   Number         0  __2printf.o ABSOLUTE
    ../clib/printf_percent.s                 0x00000000   Number         0  _printf_percent.o ABSOLUTE
    ../clib/printf_percent.s                 0x00000000   Number         0  _printf_d.o ABSOLUTE
    ../clib/printf_percent.s                 0x00000000   Number         0  _printf_percent_end.o ABSOLUTE
    ../clib/signal.c                         0x00000000   Number         0  defsig_segv_inner.o ABSOLUTE
    ../clib/signal.c                         0x00000000   Number         0  defsig_rtmem_formal.o ABSOLUTE
    ../clib/signal.c                         0x00000000   Number         0  defsig_rtmem_outer.o ABSOLUTE
    ../clib/signal.c                         0x00000000   Number         0  defsig_other.o ABSOLUTE
    ../clib/signal.c                         0x00000000   Number         0  defsig_rtred_inner.o ABSOLUTE
    ../clib/signal.c                         0x00000000   Number         0  defsig_abrt_inner.o ABSOLUTE
    ../clib/signal.c                         0x00000000   Number         0  defsig_fpe_inner.o ABSOLUTE
    ../clib/signal.c                         0x00000000   Number         0  defsig_stak_inner.o ABSOLUTE
    ../clib/signal.c                         0x00000000   Number         0  defsig_pvfn_inner.o ABSOLUTE
    ../clib/signal.c                         0x00000000   Number         0  defsig_general.o ABSOLUTE
    ../clib/signal.c                         0x00000000   Number         0  __raise.o ABSOLUTE
    ../clib/signal.c                         0x00000000   Number         0  defsig_rtmem_inner.o ABSOLUTE
    ../clib/signal.c                         0x00000000   Number         0  defsig_exit.o ABSOLUTE
    ../clib/signal.c                         0x00000000   Number         0  defsig_cppl_inner.o ABSOLUTE
    ../clib/signal.s                         0x00000000   Number         0  defsig.o ABSOLUTE
    ../clib/stdio.c                          0x00000000   Number         0  ferror.o ABSOLUTE
    ../clib/stdio.c                          0x00000000   Number         0  ferror_locked.o ABSOLUTE
    ../clib/stdlib.c                         0x00000000   Number         0  rand.o ABSOLUTE
    ../clib/stdlib.c                         0x00000000   Number         0  rand.o ABSOLUTE
    ../clib/stdlib.c                         0x00000000   Number         0  exit.o ABSOLUTE
    ../fplib/faddsub.s                       0x00000000   Number         0  faddsub_clz.o ABSOLUTE
    ../fplib/fdiv.s                          0x00000000   Number         0  fdiv.o ABSOLUTE
    ../fplib/ffixu.s                         0x00000000   Number         0  ffixu.o ABSOLUTE
    ../fplib/fflt.s                          0x00000000   Number         0  fflt_clz.o ABSOLUTE
    ../fplib/fmul.s                          0x00000000   Number         0  fmul.o ABSOLUTE
    ../fplib/fnaninf.s                       0x00000000   Number         0  fnaninf.o ABSOLUTE
    ../fplib/fpinit.s                        0x00000000   Number         0  fpinit.o ABSOLUTE
    ../fplib/fretinf.s                       0x00000000   Number         0  fretinf.o ABSOLUTE
    ../fplib/usenofp.s                       0x00000000   Number         0  usenofp.o ABSOLUTE
    Board\IERG3810_Buzzer.c                  0x00000000   Number         0  ierg3810_buzzer.o ABSOLUTE
    Board\IERG3810_KEY.c                     0x00000000   Number         0  ierg3810_key.o ABSOLUTE
    Board\IERG3810_LED.c                     0x00000000   Number         0  ierg3810_led.o ABSOLUTE
    Board\IERG3810_USART1_INIT.c             0x00000000   Number         0  ierg3810_usart1_init.o ABSOLUTE
    Board\IERG3810_USART2_INIT.c             0x00000000   Number         0  ierg3810_usart2_init.o ABSOLUTE
    Board\IERG3810_USART_CLOKC_TREE_INIT.c   0x00000000   Number         0  ierg3810_usart_clokc_tree_init.o ABSOLUTE
    Board\IERG_Game_Logic.c                  0x00000000   Number         0  ierg_game_logic.o ABSOLUTE
    Board\mini_pro_lib\IERG3810_Delay.c      0x00000000   Number         0  ierg3810_delay.o ABSOLUTE
    Board\mini_pro_lib\IERG3810_Game_UI.c    0x00000000   Number         0  ierg3810_game_ui.o ABSOLUTE
    Board\mini_pro_lib\IERG3810_LCD_Controller.c 0x00000000   Number         0  ierg3810_lcd_controller.o ABSOLUTE
    Board\mini_pro_lib\IERG3810_System_Init.c 0x00000000   Number         0  ierg3810_system_init.o ABSOLUTE
    Board\mini_pro_lib\IERG3810_key_Controller.c 0x00000000   Number         0  ierg3810_key_controller.o ABSOLUTE
    Board\mini_pro_lib\rtc.c                 0x00000000   Number         0  rtc.o ABSOLUTE
    Board\mini_pro_lib\tim.c                 0x00000000   Number         0  tim.o ABSOLUTE
    Board\mini_pro_lib\usart.c               0x00000000   Number         0  usart.o ABSOLUTE
    Core\\core_cm3.c                         0x00000000   Number         0  core_cm3.o ABSOLUTE
    Core\core_cm3.c                          0x00000000   Number         0  core_cm3.o ABSOLUTE
    Core\startup_stm32f10x_hd.s              0x00000000   Number         0  startup_stm32f10x_hd.o ABSOLUTE
    Core\system_stm32f10x.c                  0x00000000   Number         0  system_stm32f10x.o ABSOLUTE
    Fw_lib\src\misc.c                        0x00000000   Number         0  misc.o ABSOLUTE
    Fw_lib\src\stm32f10x_adc.c               0x00000000   Number         0  stm32f10x_adc.o ABSOLUTE
    Fw_lib\src\stm32f10x_bkp.c               0x00000000   Number         0  stm32f10x_bkp.o ABSOLUTE
    Fw_lib\src\stm32f10x_can.c               0x00000000   Number         0  stm32f10x_can.o ABSOLUTE
    Fw_lib\src\stm32f10x_cec.c               0x00000000   Number         0  stm32f10x_cec.o ABSOLUTE
    Fw_lib\src\stm32f10x_crc.c               0x00000000   Number         0  stm32f10x_crc.o ABSOLUTE
    Fw_lib\src\stm32f10x_dac.c               0x00000000   Number         0  stm32f10x_dac.o ABSOLUTE
    Fw_lib\src\stm32f10x_dbgmcu.c            0x00000000   Number         0  stm32f10x_dbgmcu.o ABSOLUTE
    Fw_lib\src\stm32f10x_dma.c               0x00000000   Number         0  stm32f10x_dma.o ABSOLUTE
    Fw_lib\src\stm32f10x_exti.c              0x00000000   Number         0  stm32f10x_exti.o ABSOLUTE
    Fw_lib\src\stm32f10x_flash.c             0x00000000   Number         0  stm32f10x_flash.o ABSOLUTE
    Fw_lib\src\stm32f10x_fsmc.c              0x00000000   Number         0  stm32f10x_fsmc.o ABSOLUTE
    Fw_lib\src\stm32f10x_gpio.c              0x00000000   Number         0  stm32f10x_gpio.o ABSOLUTE
    Fw_lib\src\stm32f10x_i2c.c               0x00000000   Number         0  stm32f10x_i2c.o ABSOLUTE
    Fw_lib\src\stm32f10x_iwdg.c              0x00000000   Number         0  stm32f10x_iwdg.o ABSOLUTE
    Fw_lib\src\stm32f10x_pwr.c               0x00000000   Number         0  stm32f10x_pwr.o ABSOLUTE
    Fw_lib\src\stm32f10x_rcc.c               0x00000000   Number         0  stm32f10x_rcc.o ABSOLUTE
    Fw_lib\src\stm32f10x_rtc.c               0x00000000   Number         0  stm32f10x_rtc.o ABSOLUTE
    Fw_lib\src\stm32f10x_sdio.c              0x00000000   Number         0  stm32f10x_sdio.o ABSOLUTE
    Fw_lib\src\stm32f10x_spi.c               0x00000000   Number         0  stm32f10x_spi.o ABSOLUTE
    Fw_lib\src\stm32f10x_tim.c               0x00000000   Number         0  stm32f10x_tim.o ABSOLUTE
    Fw_lib\src\stm32f10x_usart.c             0x00000000   Number         0  stm32f10x_usart.o ABSOLUTE
    Fw_lib\src\stm32f10x_wwdg.c              0x00000000   Number         0  stm32f10x_wwdg.o ABSOLUTE
    User\main.c                              0x00000000   Number         0  main.o ABSOLUTE
    User\stm32f10x_it.c                      0x00000000   Number         0  stm32f10x_it.o ABSOLUTE
    dc.s                                     0x00000000   Number         0  dc.o ABSOLUTE
    RESET                                    0x08000000   Section      304  startup_stm32f10x_hd.o(RESET)
    !!!main                                  0x08000130   Section        8  __main.o(!!!main)
    !!!scatter                               0x08000138   Section       52  __scatter.o(!!!scatter)
    !!handler_copy                           0x0800016c   Section       26  __scatter_copy.o(!!handler_copy)
    !!handler_zi                             0x08000188   Section       28  __scatter_zi.o(!!handler_zi)
    .ARM.Collect$$_printf_percent$$00000000  0x080001a4   Section        0  _printf_percent.o(.ARM.Collect$$_printf_percent$$00000000)
    .ARM.Collect$$_printf_percent$$00000009  0x080001a4   Section        6  _printf_d.o(.ARM.Collect$$_printf_percent$$00000009)
    .ARM.Collect$$_printf_percent$$00000017  0x080001aa   Section        4  _printf_percent_end.o(.ARM.Collect$$_printf_percent$$00000017)
    .ARM.Collect$$libinit$$00000000          0x080001ae   Section        2  libinit.o(.ARM.Collect$$libinit$$00000000)
    .ARM.Collect$$libinit$$00000002          0x080001b0   Section        0  libinit2.o(.ARM.Collect$$libinit$$00000002)
    .ARM.Collect$$libinit$$00000004          0x080001b0   Section        0  libinit2.o(.ARM.Collect$$libinit$$00000004)
    .ARM.Collect$$libinit$$0000000A          0x080001b0   Section        0  libinit2.o(.ARM.Collect$$libinit$$0000000A)
    .ARM.Collect$$libinit$$0000000C          0x080001b0   Section        0  libinit2.o(.ARM.Collect$$libinit$$0000000C)
    .ARM.Collect$$libinit$$0000000D          0x080001b0   Section        4  libinit2.o(.ARM.Collect$$libinit$$0000000D)
    .ARM.Collect$$libinit$$0000000E          0x080001b4   Section        0  libinit2.o(.ARM.Collect$$libinit$$0000000E)
    .ARM.Collect$$libinit$$00000011          0x080001b4   Section        0  libinit2.o(.ARM.Collect$$libinit$$00000011)
    .ARM.Collect$$libinit$$00000013          0x080001b4   Section        0  libinit2.o(.ARM.Collect$$libinit$$00000013)
    .ARM.Collect$$libinit$$00000015          0x080001b4   Section        0  libinit2.o(.ARM.Collect$$libinit$$00000015)
    .ARM.Collect$$libinit$$00000017          0x080001b4   Section        0  libinit2.o(.ARM.Collect$$libinit$$00000017)
    .ARM.Collect$$libinit$$00000019          0x080001b4   Section        0  libinit2.o(.ARM.Collect$$libinit$$00000019)
    .ARM.Collect$$libinit$$0000001B          0x080001b4   Section        0  libinit2.o(.ARM.Collect$$libinit$$0000001B)
    .ARM.Collect$$libinit$$0000001D          0x080001b4   Section        0  libinit2.o(.ARM.Collect$$libinit$$0000001D)
    .ARM.Collect$$libinit$$0000001F          0x080001b4   Section        0  libinit2.o(.ARM.Collect$$libinit$$0000001F)
    .ARM.Collect$$libinit$$00000021          0x080001b4   Section        0  libinit2.o(.ARM.Collect$$libinit$$00000021)
    .ARM.Collect$$libinit$$00000023          0x080001b4   Section        0  libinit2.o(.ARM.Collect$$libinit$$00000023)
    .ARM.Collect$$libinit$$00000025          0x080001b4   Section        0  libinit2.o(.ARM.Collect$$libinit$$00000025)
    .ARM.Collect$$libinit$$0000002C          0x080001b4   Section        0  libinit2.o(.ARM.Collect$$libinit$$0000002C)
    .ARM.Collect$$libinit$$0000002E          0x080001b4   Section        0  libinit2.o(.ARM.Collect$$libinit$$0000002E)
    .ARM.Collect$$libinit$$00000030          0x080001b4   Section        0  libinit2.o(.ARM.Collect$$libinit$$00000030)
    .ARM.Collect$$libinit$$00000032          0x080001b4   Section        0  libinit2.o(.ARM.Collect$$libinit$$00000032)
    .ARM.Collect$$libinit$$00000033          0x080001b4   Section        2  libinit2.o(.ARM.Collect$$libinit$$00000033)
    .ARM.Collect$$libshutdown$$00000000      0x080001b6   Section        2  libshutdown.o(.ARM.Collect$$libshutdown$$00000000)
    .ARM.Collect$$libshutdown$$00000003      0x080001b8   Section        0  libshutdown2.o(.ARM.Collect$$libshutdown$$00000003)
    .ARM.Collect$$libshutdown$$00000006      0x080001b8   Section        0  libshutdown2.o(.ARM.Collect$$libshutdown$$00000006)
    .ARM.Collect$$libshutdown$$00000009      0x080001b8   Section        0  libshutdown2.o(.ARM.Collect$$libshutdown$$00000009)
    .ARM.Collect$$libshutdown$$0000000B      0x080001b8   Section        0  libshutdown2.o(.ARM.Collect$$libshutdown$$0000000B)
    .ARM.Collect$$libshutdown$$0000000E      0x080001b8   Section        0  libshutdown2.o(.ARM.Collect$$libshutdown$$0000000E)
    .ARM.Collect$$libshutdown$$0000000F      0x080001b8   Section        2  libshutdown2.o(.ARM.Collect$$libshutdown$$0000000F)
    .ARM.Collect$$rtentry$$00000000          0x080001ba   Section        0  __rtentry.o(.ARM.Collect$$rtentry$$00000000)
    .ARM.Collect$$rtentry$$00000002          0x080001ba   Section        0  __rtentry2.o(.ARM.Collect$$rtentry$$00000002)
    .ARM.Collect$$rtentry$$00000004          0x080001ba   Section        6  __rtentry4.o(.ARM.Collect$$rtentry$$00000004)
    .ARM.Collect$$rtentry$$00000009          0x080001c0   Section        0  __rtentry2.o(.ARM.Collect$$rtentry$$00000009)
    .ARM.Collect$$rtentry$$0000000A          0x080001c0   Section        4  __rtentry2.o(.ARM.Collect$$rtentry$$0000000A)
    .ARM.Collect$$rtentry$$0000000C          0x080001c4   Section        0  __rtentry2.o(.ARM.Collect$$rtentry$$0000000C)
    .ARM.Collect$$rtentry$$0000000D          0x080001c4   Section        8  __rtentry2.o(.ARM.Collect$$rtentry$$0000000D)
    .ARM.Collect$$rtexit$$00000000           0x080001cc   Section        2  rtexit.o(.ARM.Collect$$rtexit$$00000000)
    .ARM.Collect$$rtexit$$00000002           0x080001ce   Section        0  rtexit2.o(.ARM.Collect$$rtexit$$00000002)
    .ARM.Collect$$rtexit$$00000003           0x080001ce   Section        4  rtexit2.o(.ARM.Collect$$rtexit$$00000003)
    .ARM.Collect$$rtexit$$00000004           0x080001d2   Section        6  rtexit2.o(.ARM.Collect$$rtexit$$00000004)
    .emb_text                                0x080001d8   Section       52  rand.o(.emb_text)
    .text                                    0x0800020c   Section       64  startup_stm32f10x_hd.o(.text)
    .text                                    0x0800024c   Section        2  use_no_semi_2.o(.text)
    .text                                    0x08000250   Section        0  noretval__2printf.o(.text)
    .text                                    0x08000268   Section        0  __printf.o(.text)
    .text                                    0x080002d0   Section        0  _printf_dec.o(.text)
    .text                                    0x08000348   Section        0  rand.o(.text)
    .text                                    0x08000384   Section      100  rt_memcpy_w.o(.text)
    .text                                    0x080003e8   Section        0  heapauxi.o(.text)
    .text                                    0x080003ee   Section        2  use_no_semi.o(.text)
    .text                                    0x080003f0   Section        0  _printf_intcommon.o(.text)
    .text                                    0x080004a4   Section        0  _printf_char_file.o(.text)
    .text                                    0x080004c8   Section        0  _printf_char_common.o(.text)
    _printf_input_char                       0x080004c9   Thumb Code    10  _printf_char_common.o(.text)
    .text                                    0x080004f8   Section        0  ferror.o(.text)
    .text                                    0x08000500   Section       74  sys_stackheap_outer.o(.text)
    .text                                    0x0800054a   Section        0  exit.o(.text)
    .text                                    0x08000558   Section        8  libspace.o(.text)
    i.BKP_DeInit                             0x08000560   Section        0  stm32f10x_bkp.o(i.BKP_DeInit)
    i.BKP_ReadBackupRegister                 0x08000570   Section        0  stm32f10x_bkp.o(i.BKP_ReadBackupRegister)
    i.BKP_WriteBackupRegister                0x0800058c   Section        0  stm32f10x_bkp.o(i.BKP_WriteBackupRegister)
    i.BusFault_Handler                       0x080005a8   Section        0  stm32f10x_it.o(i.BusFault_Handler)
    i.DebugMon_Handler                       0x080005ac   Section        0  stm32f10x_it.o(i.DebugMon_Handler)
    i.GPIO_Init                              0x080005ae   Section        0  stm32f10x_gpio.o(i.GPIO_Init)
    i.GPIO_ReadInputDataBit                  0x080006c4   Section        0  stm32f10x_gpio.o(i.GPIO_ReadInputDataBit)
    i.GPIO_ResetBits                         0x080006d6   Section        0  stm32f10x_gpio.o(i.GPIO_ResetBits)
    i.GPIO_SetBits                           0x080006da   Section        0  stm32f10x_gpio.o(i.GPIO_SetBits)
    i.GUI_Box                                0x080006de   Section        0  ierg3810_game_ui.o(i.GUI_Box)
    i.HardFault_Handler                      0x0800073a   Section        0  stm32f10x_it.o(i.HardFault_Handler)
    i.IERG3810_TFTLCD_FillRectangle          0x0800073e   Section        0  ierg3810_led.o(i.IERG3810_TFTLCD_FillRectangle)
    i.IERG3810_TFTLCD_Init                   0x080007b4   Section        0  ierg3810_led.o(i.IERG3810_TFTLCD_Init)
    i.IERG3810_TFTLCD_SetParameter           0x08000924   Section        0  ierg3810_led.o(i.IERG3810_TFTLCD_SetParameter)
    i.IERG3810_TFTLCD_SetWindow              0x08000952   Section        0  ierg3810_led.o(i.IERG3810_TFTLCD_SetWindow)
    i.IERG3810_TFTLCD_ShowChar               0x0800099c   Section        0  ierg3810_led.o(i.IERG3810_TFTLCD_ShowChar)
    i.IERG3810_TFTLCD_WrData                 0x08000a88   Section        0  ierg3810_led.o(i.IERG3810_TFTLCD_WrData)
    i.IERG3810_TFTLCD_WrReg                  0x08000a94   Section        0  ierg3810_led.o(i.IERG3810_TFTLCD_WrReg)
    i.IERG_3810_Buzzer_Init                  0x08000aa0   Section        0  ierg3810_buzzer.o(i.IERG_3810_Buzzer_Init)
    i.Is_Leap_Year                           0x08000ae8   Section        0  rtc.o(i.Is_Leap_Year)
    i.MemManage_Handler                      0x08000b22   Section        0  stm32f10x_it.o(i.MemManage_Handler)
    i.NMI_Handler                            0x08000b26   Section        0  stm32f10x_it.o(i.NMI_Handler)
    i.NVIC_Init                              0x08000b28   Section        0  misc.o(i.NVIC_Init)
    i.NVIC_PriorityGroupConfig               0x08000b98   Section        0  misc.o(i.NVIC_PriorityGroupConfig)
    i.PWR_BackupAccessCmd                    0x08000bac   Section        0  stm32f10x_pwr.o(i.PWR_BackupAccessCmd)
    i.PendSV_Handler                         0x08000bb8   Section        0  stm32f10x_it.o(i.PendSV_Handler)
    i.RCC_APB1PeriphClockCmd                 0x08000bbc   Section        0  stm32f10x_rcc.o(i.RCC_APB1PeriphClockCmd)
    i.RCC_APB2PeriphClockCmd                 0x08000bdc   Section        0  stm32f10x_rcc.o(i.RCC_APB2PeriphClockCmd)
    i.RCC_BackupResetCmd                     0x08000bfc   Section        0  stm32f10x_rcc.o(i.RCC_BackupResetCmd)
    i.RCC_GetClocksFreq                      0x08000c08   Section        0  stm32f10x_rcc.o(i.RCC_GetClocksFreq)
    i.RCC_LSEConfig                          0x08000cdc   Section        0  stm32f10x_rcc.o(i.RCC_LSEConfig)
    i.RCC_RTCCLKCmd                          0x08000d10   Section        0  stm32f10x_rcc.o(i.RCC_RTCCLKCmd)
    i.RCC_RTCCLKConfig                       0x08000d1c   Section        0  stm32f10x_rcc.o(i.RCC_RTCCLKConfig)
    i.RTC_ClearITPendingBit                  0x08000d2c   Section        0  stm32f10x_rtc.o(i.RTC_ClearITPendingBit)
    i.RTC_EnterConfigMode                    0x08000d3c   Section        0  stm32f10x_rtc.o(i.RTC_EnterConfigMode)
    i.RTC_ExitConfigMode                     0x08000d50   Section        0  stm32f10x_rtc.o(i.RTC_ExitConfigMode)
    i.RTC_Get                                0x08000d64   Section        0  rtc.o(i.RTC_Get)
    i.RTC_GetCounter                         0x08000e64   Section        0  stm32f10x_rtc.o(i.RTC_GetCounter)
    i.RTC_GetITStatus                        0x08000e78   Section        0  stm32f10x_rtc.o(i.RTC_GetITStatus)
    i.RTC_Get_Week                           0x08000e9c   Section        0  rtc.o(i.RTC_Get_Week)
    i.RTC_IRQHandler                         0x08000f14   Section        0  rtc.o(i.RTC_IRQHandler)
    i.RTC_ITConfig                           0x08000f90   Section        0  stm32f10x_rtc.o(i.RTC_ITConfig)
    i.RTC_NVIC_Config                        0x08000fb0   Section        0  rtc.o(i.RTC_NVIC_Config)
    i.RTC_Set                                0x08000fd0   Section        0  rtc.o(i.RTC_Set)
    i.RTC_SetCounter                         0x08001098   Section        0  stm32f10x_rtc.o(i.RTC_SetCounter)
    i.RTC_SetPrescaler                       0x080010b4   Section        0  stm32f10x_rtc.o(i.RTC_SetPrescaler)
    i.RTC_WaitForLastTask                    0x080010d4   Section        0  stm32f10x_rtc.o(i.RTC_WaitForLastTask)
    i.RTC_WaitForSynchro                     0x080010e8   Section        0  stm32f10x_rtc.o(i.RTC_WaitForSynchro)
    i.SVC_Handler                            0x0800110c   Section        0  stm32f10x_it.o(i.SVC_Handler)
    i.SetSysClock                            0x0800110e   Section        0  system_stm32f10x.o(i.SetSysClock)
    SetSysClock                              0x0800110f   Thumb Code     8  system_stm32f10x.o(i.SetSysClock)
    i.SetSysClockTo72                        0x08001118   Section        0  system_stm32f10x.o(i.SetSysClockTo72)
    SetSysClockTo72                          0x08001119   Thumb Code   214  system_stm32f10x.o(i.SetSysClockTo72)
    i.SysTick_CLKSourceConfig                0x080011f8   Section        0  misc.o(i.SysTick_CLKSourceConfig)
    i.SysTick_Handler                        0x08001220   Section        0  stm32f10x_it.o(i.SysTick_Handler)
    i.SystemInit                             0x08001224   Section        0  system_stm32f10x.o(i.SystemInit)
    i.TFT_ClearScreen                        0x08001284   Section        0  ierg3810_lcd_controller.o(i.TFT_ClearScreen)
    i.TIM3_IRQHandler                        0x080012b8   Section        0  ierg_game_logic.o(i.TIM3_IRQHandler)
    i.TIM3_Init                              0x080012d8   Section        0  tim.o(i.TIM3_Init)
    i.TIM5_IRQHandler                        0x0800133c   Section        0  tim.o(i.TIM5_IRQHandler)
    i.TIM_ClearITPendingBit                  0x080013fc   Section        0  stm32f10x_tim.o(i.TIM_ClearITPendingBit)
    i.TIM_Cmd                                0x08001402   Section        0  stm32f10x_tim.o(i.TIM_Cmd)
    i.TIM_GetCapture1                        0x0800141a   Section        0  stm32f10x_tim.o(i.TIM_GetCapture1)
    i.TIM_GetITStatus                        0x08001420   Section        0  stm32f10x_tim.o(i.TIM_GetITStatus)
    i.TIM_ITConfig                           0x08001442   Section        0  stm32f10x_tim.o(i.TIM_ITConfig)
    i.TIM_OC1PolarityConfig                  0x08001454   Section        0  stm32f10x_tim.o(i.TIM_OC1PolarityConfig)
    i.TIM_SetCounter                         0x08001466   Section        0  stm32f10x_tim.o(i.TIM_SetCounter)
    i.TIM_TimeBaseInit                       0x0800146c   Section        0  stm32f10x_tim.o(i.TIM_TimeBaseInit)
    i.USART1_IRQHandler                      0x08001510   Section        0  usart.o(i.USART1_IRQHandler)
    i.USART_Cmd                              0x08001598   Section        0  stm32f10x_usart.o(i.USART_Cmd)
    i.USART_GetITStatus                      0x080015b0   Section        0  stm32f10x_usart.o(i.USART_GetITStatus)
    i.USART_ITConfig                         0x08001604   Section        0  stm32f10x_usart.o(i.USART_ITConfig)
    i.USART_Init                             0x08001650   Section        0  stm32f10x_usart.o(i.USART_Init)
    i.USART_ReceiveData                      0x08001728   Section        0  stm32f10x_usart.o(i.USART_ReceiveData)
    i.UsageFault_Handler                     0x08001732   Section        0  stm32f10x_it.o(i.UsageFault_Handler)
    i._sys_exit                              0x08001736   Section        0  usart.o(i._sys_exit)
    i.button_init                            0x0800173c   Section        0  ierg3810_key_controller.o(i.button_init)
    i.delay_init                             0x08001780   Section        0  ierg3810_delay.o(i.delay_init)
    i.delay_ms                               0x080017c4   Section        0  ierg3810_delay.o(i.delay_ms)
    i.direction_controller                   0x08001810   Section        0  ierg_game_logic.o(i.direction_controller)
    i.fputc                                  0x080018a0   Section        0  usart.o(i.fputc)
    i.gameover                               0x080018bc   Section        0  ierg_game_logic.o(i.gameover)
    i.keyscan                                0x0800197c   Section        0  ierg3810_key_controller.o(i.keyscan)
    i.main                                   0x08001a40   Section        0  main.o(i.main)
    i.rtc_init                               0x08001aa8   Section        0  rtc.o(i.rtc_init)
    i.start_game                             0x08001b48   Section        0  ierg_game_logic.o(i.start_game)
    i.start_page                             0x08001fd8   Section        0  ierg_game_logic.o(i.start_page)
    i.uart_init                              0x08002128   Section        0  usart.o(i.uart_init)
    .constdata                               0x080021c8   Section     4208  ierg3810_led.o(.constdata)
    .constdata                               0x08003238   Section       24  rtc.o(.constdata)
    .data                                    0x20000000   Section       20  stm32f10x_rcc.o(.data)
    APBAHBPrescTable                         0x20000000   Data          16  stm32f10x_rcc.o(.data)
    ADCPrescTable                            0x20000010   Data           4  stm32f10x_rcc.o(.data)
    .data                                    0x20000014   Section       20  system_stm32f10x.o(.data)
    .data                                    0x20000028   Section        1  ierg3810_key_controller.o(.data)
    key_up                                   0x20000028   Data           1  ierg3810_key_controller.o(.data)
    .data                                    0x2000002a   Section        4  ierg3810_delay.o(.data)
    fac_us                                   0x2000002a   Data           1  ierg3810_delay.o(.data)
    fac_ms                                   0x2000002c   Data           2  ierg3810_delay.o(.data)
    .data                                    0x2000002e   Section       10  rtc.o(.data)
    daycnt                                   0x20000036   Data           2  rtc.o(.data)
    .data                                    0x20000038   Section        4  tim.o(.data)
    .data                                    0x2000003c   Section        6  usart.o(.data)
    .data                                    0x20000042   Section       11  ierg_game_logic.o(.data)
    start                                    0x2000004c   Data           1  ierg_game_logic.o(.data)
    .bss                                     0x20000050   Section       10  rtc.o(.bss)
    .bss                                     0x2000005a   Section      200  usart.o(.bss)
    .bss                                     0x20000122   Section      204  ierg_game_logic.o(.bss)
    .bss                                     0x200001f0   Section      228  rand.o(.bss)
    .bss                                     0x200002d4   Section       96  libspace.o(.bss)
    HEAP                                     0x20000338   Section      512  startup_stm32f10x_hd.o(HEAP)
    Heap_Mem                                 0x20000338   Data         512  startup_stm32f10x_hd.o(HEAP)
    STACK                                    0x20000538   Section     1024  startup_stm32f10x_hd.o(STACK)
    Stack_Mem                                0x20000538   Data        1024  startup_stm32f10x_hd.o(STACK)
    __initial_sp                             0x20000938   Data           0  startup_stm32f10x_hd.o(STACK)

    Global Symbols

    Symbol Name                              Value     Ov Type        Size  Object(Section)

    BuildAttributes$$THM_ISAv4$P$D$K$B$S$PE$A:L22UL41UL21$X:L11$S22US41US21$IEEE1$IW$USESV6$~STKCKD$USESV7$~SHL$OSPACE$ROPI$EBA8$UX$STANDARDLIB$REQ8$PRES8$EABIv2 0x00000000   Number         0  anon$$obj.o ABSOLUTE
    __ARM_use_no_argv                        0x00000000   Number         0  main.o ABSOLUTE
    __ARM_exceptions_init                     - Undefined Weak Reference
    __alloca_initialize                       - Undefined Weak Reference
    __arm_preinit_                            - Undefined Weak Reference
    __cpp_initialize__aeabi_                  - Undefined Weak Reference
    __cxa_finalize                            - Undefined Weak Reference
    __rt_locale                               - Undefined Weak Reference
    __sigvec_lookup                           - Undefined Weak Reference
    _atexit_init                              - Undefined Weak Reference
    _call_atexit_fns                          - Undefined Weak Reference
    _clock_init                               - Undefined Weak Reference
    _fp_trap_init                             - Undefined Weak Reference
    _fp_trap_shutdown                         - Undefined Weak Reference
    _get_lc_collate                           - Undefined Weak Reference
    _get_lc_ctype                             - Undefined Weak Reference
    _get_lc_monetary                          - Undefined Weak Reference
    _get_lc_numeric                           - Undefined Weak Reference
    _get_lc_time                              - Undefined Weak Reference
    _getenv_init                              - Undefined Weak Reference
    _handle_redirection                       - Undefined Weak Reference
    _init_alloc                               - Undefined Weak Reference
    _init_user_alloc                          - Undefined Weak Reference
    _initio                                   - Undefined Weak Reference
    _mutex_acquire                            - Undefined Weak Reference
    _mutex_release                            - Undefined Weak Reference
    _printf_post_padding                      - Undefined Weak Reference
    _printf_pre_padding                       - Undefined Weak Reference
    _printf_truncate_signed                   - Undefined Weak Reference
    _printf_truncate_unsigned                 - Undefined Weak Reference
    _signal_finish                            - Undefined Weak Reference
    _signal_init                              - Undefined Weak Reference
    _terminate_alloc                          - Undefined Weak Reference
    _terminate_user_alloc                     - Undefined Weak Reference
    _terminateio                              - Undefined Weak Reference
    __Vectors_Size                           0x00000130   Number         0  startup_stm32f10x_hd.o ABSOLUTE
    __Vectors                                0x08000000   Data           4  startup_stm32f10x_hd.o(RESET)
    __Vectors_End                            0x08000130   Data           0  startup_stm32f10x_hd.o(RESET)
    __main                                   0x08000131   Thumb Code     8  __main.o(!!!main)
    __scatterload                            0x08000139   Thumb Code     0  __scatter.o(!!!scatter)
    __scatterload_rt2                        0x08000139   Thumb Code    44  __scatter.o(!!!scatter)
    __scatterload_rt2_thumb_only             0x08000139   Thumb Code     0  __scatter.o(!!!scatter)
    __scatterload_null                       0x08000147   Thumb Code     0  __scatter.o(!!!scatter)
    __scatterload_copy                       0x0800016d   Thumb Code    26  __scatter_copy.o(!!handler_copy)
    __scatterload_zeroinit                   0x08000189   Thumb Code    28  __scatter_zi.o(!!handler_zi)
    _printf_d                                0x080001a5   Thumb Code     0  _printf_d.o(.ARM.Collect$$_printf_percent$$00000009)
    _printf_percent                          0x080001a5   Thumb Code     0  _printf_percent.o(.ARM.Collect$$_printf_percent$$00000000)
    _printf_percent_end                      0x080001ab   Thumb Code     0  _printf_percent_end.o(.ARM.Collect$$_printf_percent$$00000017)
    __rt_lib_init                            0x080001af   Thumb Code     0  libinit.o(.ARM.Collect$$libinit$$00000000)
    __rt_lib_init_fp_1                       0x080001b1   Thumb Code     0  libinit2.o(.ARM.Collect$$libinit$$00000002)
    __rt_lib_init_heap_1                     0x080001b1   Thumb Code     0  libinit2.o(.ARM.Collect$$libinit$$0000000A)
    __rt_lib_init_preinit_1                  0x080001b1   Thumb Code     0  libinit2.o(.ARM.Collect$$libinit$$00000004)
    __rt_lib_init_rand_2                     0x080001b1   Thumb Code     0  libinit2.o(.ARM.Collect$$libinit$$0000000D)
    __rt_lib_init_user_alloc_1               0x080001b1   Thumb Code     0  libinit2.o(.ARM.Collect$$libinit$$0000000C)
    __rt_lib_init_alloca_1                   0x080001b5   Thumb Code     0  libinit2.o(.ARM.Collect$$libinit$$0000002E)
    __rt_lib_init_argv_1                     0x080001b5   Thumb Code     0  libinit2.o(.ARM.Collect$$libinit$$0000002C)
    __rt_lib_init_atexit_1                   0x080001b5   Thumb Code     0  libinit2.o(.ARM.Collect$$libinit$$0000001B)
    __rt_lib_init_clock_1                    0x080001b5   Thumb Code     0  libinit2.o(.ARM.Collect$$libinit$$00000021)
    __rt_lib_init_cpp_1                      0x080001b5   Thumb Code     0  libinit2.o(.ARM.Collect$$libinit$$00000032)
    __rt_lib_init_exceptions_1               0x080001b5   Thumb Code     0  libinit2.o(.ARM.Collect$$libinit$$00000030)
    __rt_lib_init_fp_trap_1                  0x080001b5   Thumb Code     0  libinit2.o(.ARM.Collect$$libinit$$0000001F)
    __rt_lib_init_getenv_1                   0x080001b5   Thumb Code     0  libinit2.o(.ARM.Collect$$libinit$$00000023)
    __rt_lib_init_lc_collate_1               0x080001b5   Thumb Code     0  libinit2.o(.ARM.Collect$$libinit$$00000011)
    __rt_lib_init_lc_ctype_1                 0x080001b5   Thumb Code     0  libinit2.o(.ARM.Collect$$libinit$$00000013)
    __rt_lib_init_lc_monetary_1              0x080001b5   Thumb Code     0  libinit2.o(.ARM.Collect$$libinit$$00000015)
    __rt_lib_init_lc_numeric_1               0x080001b5   Thumb Code     0  libinit2.o(.ARM.Collect$$libinit$$00000017)
    __rt_lib_init_lc_time_1                  0x080001b5   Thumb Code     0  libinit2.o(.ARM.Collect$$libinit$$00000019)
    __rt_lib_init_rand_1                     0x080001b5   Thumb Code     0  libinit2.o(.ARM.Collect$$libinit$$0000000E)
    __rt_lib_init_return                     0x080001b5   Thumb Code     0  libinit2.o(.ARM.Collect$$libinit$$00000033)
    __rt_lib_init_signal_1                   0x080001b5   Thumb Code     0  libinit2.o(.ARM.Collect$$libinit$$0000001D)
    __rt_lib_init_stdio_1                    0x080001b5   Thumb Code     0  libinit2.o(.ARM.Collect$$libinit$$00000025)
    __rt_lib_shutdown                        0x080001b7   Thumb Code     0  libshutdown.o(.ARM.Collect$$libshutdown$$00000000)
    __rt_lib_shutdown_fp_trap_1              0x080001b9   Thumb Code     0  libshutdown2.o(.ARM.Collect$$libshutdown$$00000006)
    __rt_lib_shutdown_heap_1                 0x080001b9   Thumb Code     0  libshutdown2.o(.ARM.Collect$$libshutdown$$0000000E)
    __rt_lib_shutdown_return                 0x080001b9   Thumb Code     0  libshutdown2.o(.ARM.Collect$$libshutdown$$0000000F)
    __rt_lib_shutdown_signal_1               0x080001b9   Thumb Code     0  libshutdown2.o(.ARM.Collect$$libshutdown$$00000009)
    __rt_lib_shutdown_stdio_1                0x080001b9   Thumb Code     0  libshutdown2.o(.ARM.Collect$$libshutdown$$00000003)
    __rt_lib_shutdown_user_alloc_1           0x080001b9   Thumb Code     0  libshutdown2.o(.ARM.Collect$$libshutdown$$0000000B)
    __rt_entry                               0x080001bb   Thumb Code     0  __rtentry.o(.ARM.Collect$$rtentry$$00000000)
    __rt_entry_presh_1                       0x080001bb   Thumb Code     0  __rtentry2.o(.ARM.Collect$$rtentry$$00000002)
    __rt_entry_sh                            0x080001bb   Thumb Code     0  __rtentry4.o(.ARM.Collect$$rtentry$$00000004)
    __rt_entry_li                            0x080001c1   Thumb Code     0  __rtentry2.o(.ARM.Collect$$rtentry$$0000000A)
    __rt_entry_postsh_1                      0x080001c1   Thumb Code     0  __rtentry2.o(.ARM.Collect$$rtentry$$00000009)
    __rt_entry_main                          0x080001c5   Thumb Code     0  __rtentry2.o(.ARM.Collect$$rtentry$$0000000D)
    __rt_entry_postli_1                      0x080001c5   Thumb Code     0  __rtentry2.o(.ARM.Collect$$rtentry$$0000000C)
    __rt_exit                                0x080001cd   Thumb Code     0  rtexit.o(.ARM.Collect$$rtexit$$00000000)
    __rt_exit_ls                             0x080001cf   Thumb Code     0  rtexit2.o(.ARM.Collect$$rtexit$$00000003)
    __rt_exit_prels_1                        0x080001cf   Thumb Code     0  rtexit2.o(.ARM.Collect$$rtexit$$00000002)
    __rt_exit_exit                           0x080001d3   Thumb Code     0  rtexit2.o(.ARM.Collect$$rtexit$$00000004)
    rand                                     0x080001d9   Thumb Code    48  rand.o(.emb_text)
    Reset_Handler                            0x0800020d   Thumb Code     8  startup_stm32f10x_hd.o(.text)
    ADC1_2_IRQHandler                        0x08000227   Thumb Code     0  startup_stm32f10x_hd.o(.text)
    ADC3_IRQHandler                          0x08000227   Thumb Code     0  startup_stm32f10x_hd.o(.text)
    CAN1_RX1_IRQHandler                      0x08000227   Thumb Code     0  startup_stm32f10x_hd.o(.text)
    CAN1_SCE_IRQHandler                      0x08000227   Thumb Code     0  startup_stm32f10x_hd.o(.text)
    DMA1_Channel1_IRQHandler                 0x08000227   Thumb Code     0  startup_stm32f10x_hd.o(.text)
    DMA1_Channel2_IRQHandler                 0x08000227   Thumb Code     0  startup_stm32f10x_hd.o(.text)
    DMA1_Channel3_IRQHandler                 0x08000227   Thumb Code     0  startup_stm32f10x_hd.o(.text)
    DMA1_Channel4_IRQHandler                 0x08000227   Thumb Code     0  startup_stm32f10x_hd.o(.text)
    DMA1_Channel5_IRQHandler                 0x08000227   Thumb Code     0  startup_stm32f10x_hd.o(.text)
    DMA1_Channel6_IRQHandler                 0x08000227   Thumb Code     0  startup_stm32f10x_hd.o(.text)
    DMA1_Channel7_IRQHandler                 0x08000227   Thumb Code     0  startup_stm32f10x_hd.o(.text)
    DMA2_Channel1_IRQHandler                 0x08000227   Thumb Code     0  startup_stm32f10x_hd.o(.text)
    DMA2_Channel2_IRQHandler                 0x08000227   Thumb Code     0  startup_stm32f10x_hd.o(.text)
    DMA2_Channel3_IRQHandler                 0x08000227   Thumb Code     0  startup_stm32f10x_hd.o(.text)
    DMA2_Channel4_5_IRQHandler               0x08000227   Thumb Code     0  startup_stm32f10x_hd.o(.text)
    EXTI0_IRQHandler                         0x08000227   Thumb Code     0  startup_stm32f10x_hd.o(.text)
    EXTI15_10_IRQHandler                     0x08000227   Thumb Code     0  startup_stm32f10x_hd.o(.text)
    EXTI1_IRQHandler                         0x08000227   Thumb Code     0  startup_stm32f10x_hd.o(.text)
    EXTI2_IRQHandler                         0x08000227   Thumb Code     0  startup_stm32f10x_hd.o(.text)
    EXTI3_IRQHandler                         0x08000227   Thumb Code     0  startup_stm32f10x_hd.o(.text)
    EXTI4_IRQHandler                         0x08000227   Thumb Code     0  startup_stm32f10x_hd.o(.text)
    EXTI9_5_IRQHandler                       0x08000227   Thumb Code     0  startup_stm32f10x_hd.o(.text)
    FLASH_IRQHandler                         0x08000227   Thumb Code     0  startup_stm32f10x_hd.o(.text)
    FSMC_IRQHandler                          0x08000227   Thumb Code     0  startup_stm32f10x_hd.o(.text)
    I2C1_ER_IRQHandler                       0x08000227   Thumb Code     0  startup_stm32f10x_hd.o(.text)
    I2C1_EV_IRQHandler                       0x08000227   Thumb Code     0  startup_stm32f10x_hd.o(.text)
    I2C2_ER_IRQHandler                       0x08000227   Thumb Code     0  startup_stm32f10x_hd.o(.text)
    I2C2_EV_IRQHandler                       0x08000227   Thumb Code     0  startup_stm32f10x_hd.o(.text)
    PVD_IRQHandler                           0x08000227   Thumb Code     0  startup_stm32f10x_hd.o(.text)
    RCC_IRQHandler                           0x08000227   Thumb Code     0  startup_stm32f10x_hd.o(.text)
    RTCAlarm_IRQHandler                      0x08000227   Thumb Code     0  startup_stm32f10x_hd.o(.text)
    SDIO_IRQHandler                          0x08000227   Thumb Code     0  startup_stm32f10x_hd.o(.text)
    SPI1_IRQHandler                          0x08000227   Thumb Code     0  startup_stm32f10x_hd.o(.text)
    SPI2_IRQHandler                          0x08000227   Thumb Code     0  startup_stm32f10x_hd.o(.text)
    SPI3_IRQHandler                          0x08000227   Thumb Code     0  startup_stm32f10x_hd.o(.text)
    TAMPER_IRQHandler                        0x08000227   Thumb Code     0  startup_stm32f10x_hd.o(.text)
    TIM1_BRK_IRQHandler                      0x08000227   Thumb Code     0  startup_stm32f10x_hd.o(.text)
    TIM1_CC_IRQHandler                       0x08000227   Thumb Code     0  startup_stm32f10x_hd.o(.text)
    TIM1_TRG_COM_IRQHandler                  0x08000227   Thumb Code     0  startup_stm32f10x_hd.o(.text)
    TIM1_UP_IRQHandler                       0x08000227   Thumb Code     0  startup_stm32f10x_hd.o(.text)
    TIM2_IRQHandler                          0x08000227   Thumb Code     0  startup_stm32f10x_hd.o(.text)
    TIM4_IRQHandler                          0x08000227   Thumb Code     0  startup_stm32f10x_hd.o(.text)
    TIM6_IRQHandler                          0x08000227   Thumb Code     0  startup_stm32f10x_hd.o(.text)
    TIM7_IRQHandler                          0x08000227   Thumb Code     0  startup_stm32f10x_hd.o(.text)
    TIM8_BRK_IRQHandler                      0x08000227   Thumb Code     0  startup_stm32f10x_hd.o(.text)
    TIM8_CC_IRQHandler                       0x08000227   Thumb Code     0  startup_stm32f10x_hd.o(.text)
    TIM8_TRG_COM_IRQHandler                  0x08000227   Thumb Code     0  startup_stm32f10x_hd.o(.text)
    TIM8_UP_IRQHandler                       0x08000227   Thumb Code     0  startup_stm32f10x_hd.o(.text)
    UART4_IRQHandler                         0x08000227   Thumb Code     0  startup_stm32f10x_hd.o(.text)
    UART5_IRQHandler                         0x08000227   Thumb Code     0  startup_stm32f10x_hd.o(.text)
    USART2_IRQHandler                        0x08000227   Thumb Code     0  startup_stm32f10x_hd.o(.text)
    USART3_IRQHandler                        0x08000227   Thumb Code     0  startup_stm32f10x_hd.o(.text)
    USBWakeUp_IRQHandler                     0x08000227   Thumb Code     0  startup_stm32f10x_hd.o(.text)
    USB_HP_CAN1_TX_IRQHandler                0x08000227   Thumb Code     0  startup_stm32f10x_hd.o(.text)
    USB_LP_CAN1_RX0_IRQHandler               0x08000227   Thumb Code     0  startup_stm32f10x_hd.o(.text)
    WWDG_IRQHandler                          0x08000227   Thumb Code     0  startup_stm32f10x_hd.o(.text)
    __user_initial_stackheap                 0x08000229   Thumb Code     0  startup_stm32f10x_hd.o(.text)
    __use_no_semihosting                     0x0800024d   Thumb Code     2  use_no_semi_2.o(.text)
    __2printf                                0x08000251   Thumb Code    20  noretval__2printf.o(.text)
    __printf                                 0x08000269   Thumb Code   104  __printf.o(.text)
    _printf_int_dec                          0x080002d1   Thumb Code   104  _printf_dec.o(.text)
    srand                                    0x08000349   Thumb Code    42  rand.o(.text)
    _rand_init                               0x08000373   Thumb Code     4  rand.o(.text)
    __aeabi_memcpy4                          0x08000385   Thumb Code     0  rt_memcpy_w.o(.text)
    __aeabi_memcpy8                          0x08000385   Thumb Code     0  rt_memcpy_w.o(.text)
    __rt_memcpy_w                            0x08000385   Thumb Code   100  rt_memcpy_w.o(.text)
    _memcpy_lastbytes_aligned                0x080003cd   Thumb Code     0  rt_memcpy_w.o(.text)
    __use_two_region_memory                  0x080003e9   Thumb Code     2  heapauxi.o(.text)
    __rt_heap_escrow$2region                 0x080003eb   Thumb Code     2  heapauxi.o(.text)
    __rt_heap_expand$2region                 0x080003ed   Thumb Code     2  heapauxi.o(.text)
    __I$use$semihosting                      0x080003ef   Thumb Code     0  use_no_semi.o(.text)
    __use_no_semihosting_swi                 0x080003ef   Thumb Code     2  use_no_semi.o(.text)
    _printf_int_common                       0x080003f1   Thumb Code   178  _printf_intcommon.o(.text)
    _printf_char_file                        0x080004a5   Thumb Code    32  _printf_char_file.o(.text)
    _printf_char_common                      0x080004d3   Thumb Code    32  _printf_char_common.o(.text)
    ferror                                   0x080004f9   Thumb Code     8  ferror.o(.text)
    __user_setup_stackheap                   0x08000501   Thumb Code    74  sys_stackheap_outer.o(.text)
    exit                                     0x0800054b   Thumb Code    12  exit.o(.text)
    __user_libspace                          0x08000559   Thumb Code     8  libspace.o(.text)
    __user_perproc_libspace                  0x08000559   Thumb Code     0  libspace.o(.text)
    __user_perthread_libspace                0x08000559   Thumb Code     0  libspace.o(.text)
    BKP_DeInit                               0x08000561   Thumb Code    16  stm32f10x_bkp.o(i.BKP_DeInit)
    BKP_ReadBackupRegister                   0x08000571   Thumb Code    24  stm32f10x_bkp.o(i.BKP_ReadBackupRegister)
    BKP_WriteBackupRegister                  0x0800058d   Thumb Code    22  stm32f10x_bkp.o(i.BKP_WriteBackupRegister)
    BusFault_Handler                         0x080005a9   Thumb Code     4  stm32f10x_it.o(i.BusFault_Handler)
    DebugMon_Handler                         0x080005ad   Thumb Code     2  stm32f10x_it.o(i.DebugMon_Handler)
    GPIO_Init                                0x080005af   Thumb Code   278  stm32f10x_gpio.o(i.GPIO_Init)
    GPIO_ReadInputDataBit                    0x080006c5   Thumb Code    18  stm32f10x_gpio.o(i.GPIO_ReadInputDataBit)
    GPIO_ResetBits                           0x080006d7   Thumb Code     4  stm32f10x_gpio.o(i.GPIO_ResetBits)
    GPIO_SetBits                             0x080006db   Thumb Code     4  stm32f10x_gpio.o(i.GPIO_SetBits)
    GUI_Box                                  0x080006df   Thumb Code    92  ierg3810_game_ui.o(i.GUI_Box)
    HardFault_Handler                        0x0800073b   Thumb Code     4  stm32f10x_it.o(i.HardFault_Handler)
    IERG3810_TFTLCD_FillRectangle            0x0800073f   Thumb Code   118  ierg3810_led.o(i.IERG3810_TFTLCD_FillRectangle)
    IERG3810_TFTLCD_Init                     0x080007b5   Thumb Code   336  ierg3810_led.o(i.IERG3810_TFTLCD_Init)
    IERG3810_TFTLCD_SetParameter             0x08000925   Thumb Code    46  ierg3810_led.o(i.IERG3810_TFTLCD_SetParameter)
    IERG3810_TFTLCD_SetWindow                0x08000953   Thumb Code    74  ierg3810_led.o(i.IERG3810_TFTLCD_SetWindow)
    IERG3810_TFTLCD_ShowChar                 0x0800099d   Thumb Code   230  ierg3810_led.o(i.IERG3810_TFTLCD_ShowChar)
    IERG3810_TFTLCD_WrData                   0x08000a89   Thumb Code     6  ierg3810_led.o(i.IERG3810_TFTLCD_WrData)
    IERG3810_TFTLCD_WrReg                    0x08000a95   Thumb Code     6  ierg3810_led.o(i.IERG3810_TFTLCD_WrReg)
    IERG_3810_Buzzer_Init                    0x08000aa1   Thumb Code    64  ierg3810_buzzer.o(i.IERG_3810_Buzzer_Init)
    Is_Leap_Year                             0x08000ae9   Thumb Code    58  rtc.o(i.Is_Leap_Year)
    MemManage_Handler                        0x08000b23   Thumb Code     4  stm32f10x_it.o(i.MemManage_Handler)
    NMI_Handler                              0x08000b27   Thumb Code     2  stm32f10x_it.o(i.NMI_Handler)
    NVIC_Init                                0x08000b29   Thumb Code   100  misc.o(i.NVIC_Init)
    NVIC_PriorityGroupConfig                 0x08000b99   Thumb Code    10  misc.o(i.NVIC_PriorityGroupConfig)
    PWR_BackupAccessCmd                      0x08000bad   Thumb Code     6  stm32f10x_pwr.o(i.PWR_BackupAccessCmd)
    PendSV_Handler                           0x08000bb9   Thumb Code     2  stm32f10x_it.o(i.PendSV_Handler)
    RCC_APB1PeriphClockCmd                   0x08000bbd   Thumb Code    26  stm32f10x_rcc.o(i.RCC_APB1PeriphClockCmd)
    RCC_APB2PeriphClockCmd                   0x08000bdd   Thumb Code    26  stm32f10x_rcc.o(i.RCC_APB2PeriphClockCmd)
    RCC_BackupResetCmd                       0x08000bfd   Thumb Code     6  stm32f10x_rcc.o(i.RCC_BackupResetCmd)
    RCC_GetClocksFreq                        0x08000c09   Thumb Code   192  stm32f10x_rcc.o(i.RCC_GetClocksFreq)
    RCC_LSEConfig                            0x08000cdd   Thumb Code    46  stm32f10x_rcc.o(i.RCC_LSEConfig)
    RCC_RTCCLKCmd                            0x08000d11   Thumb Code     6  stm32f10x_rcc.o(i.RCC_RTCCLKCmd)
    RCC_RTCCLKConfig                         0x08000d1d   Thumb Code    12  stm32f10x_rcc.o(i.RCC_RTCCLKConfig)
    RTC_ClearITPendingBit                    0x08000d2d   Thumb Code    12  stm32f10x_rtc.o(i.RTC_ClearITPendingBit)
    RTC_EnterConfigMode                      0x08000d3d   Thumb Code    14  stm32f10x_rtc.o(i.RTC_EnterConfigMode)
    RTC_ExitConfigMode                       0x08000d51   Thumb Code    16  stm32f10x_rtc.o(i.RTC_ExitConfigMode)
    RTC_Get                                  0x08000d65   Thumb Code   240  rtc.o(i.RTC_Get)
    RTC_GetCounter                           0x08000e65   Thumb Code    16  stm32f10x_rtc.o(i.RTC_GetCounter)
    RTC_GetITStatus                          0x08000e79   Thumb Code    32  stm32f10x_rtc.o(i.RTC_GetITStatus)
    RTC_Get_Week                             0x08000e9d   Thumb Code   116  rtc.o(i.RTC_Get_Week)
    RTC_IRQHandler                           0x08000f15   Thumb Code    82  rtc.o(i.RTC_IRQHandler)
    RTC_ITConfig                             0x08000f91   Thumb Code    26  stm32f10x_rtc.o(i.RTC_ITConfig)
    RTC_NVIC_Config                          0x08000fb1   Thumb Code    32  rtc.o(i.RTC_NVIC_Config)
    RTC_Set                                  0x08000fd1   Thumb Code   184  rtc.o(i.RTC_Set)
    RTC_SetCounter                           0x08001099   Thumb Code    24  stm32f10x_rtc.o(i.RTC_SetCounter)
    RTC_SetPrescaler                         0x080010b5   Thumb Code    26  stm32f10x_rtc.o(i.RTC_SetPrescaler)
    RTC_WaitForLastTask                      0x080010d5   Thumb Code    16  stm32f10x_rtc.o(i.RTC_WaitForLastTask)
    RTC_WaitForSynchro                       0x080010e9   Thumb Code    30  stm32f10x_rtc.o(i.RTC_WaitForSynchro)
    SVC_Handler                              0x0800110d   Thumb Code     2  stm32f10x_it.o(i.SVC_Handler)
    SysTick_CLKSourceConfig                  0x080011f9   Thumb Code    40  misc.o(i.SysTick_CLKSourceConfig)
    SysTick_Handler                          0x08001221   Thumb Code     2  stm32f10x_it.o(i.SysTick_Handler)
    SystemInit                               0x08001225   Thumb Code    78  system_stm32f10x.o(i.SystemInit)
    TFT_ClearScreen                          0x08001285   Thumb Code    52  ierg3810_lcd_controller.o(i.TFT_ClearScreen)
    TIM3_IRQHandler                          0x080012b9   Thumb Code    26  ierg_game_logic.o(i.TIM3_IRQHandler)
    TIM3_Init                                0x080012d9   Thumb Code    94  tim.o(i.TIM3_Init)
    TIM5_IRQHandler                          0x0800133d   Thumb Code   180  tim.o(i.TIM5_IRQHandler)
    TIM_ClearITPendingBit                    0x080013fd   Thumb Code     6  stm32f10x_tim.o(i.TIM_ClearITPendingBit)
    TIM_Cmd                                  0x08001403   Thumb Code    24  stm32f10x_tim.o(i.TIM_Cmd)
    TIM_GetCapture1                          0x0800141b   Thumb Code     6  stm32f10x_tim.o(i.TIM_GetCapture1)
    TIM_GetITStatus                          0x08001421   Thumb Code    34  stm32f10x_tim.o(i.TIM_GetITStatus)
    TIM_ITConfig                             0x08001443   Thumb Code    18  stm32f10x_tim.o(i.TIM_ITConfig)
    TIM_OC1PolarityConfig                    0x08001455   Thumb Code    18  stm32f10x_tim.o(i.TIM_OC1PolarityConfig)
    TIM_SetCounter                           0x08001467   Thumb Code     4  stm32f10x_tim.o(i.TIM_SetCounter)
    TIM_TimeBaseInit                         0x0800146d   Thumb Code   122  stm32f10x_tim.o(i.TIM_TimeBaseInit)
    USART1_IRQHandler                        0x08001511   Thumb Code   122  usart.o(i.USART1_IRQHandler)
    USART_Cmd                                0x08001599   Thumb Code    24  stm32f10x_usart.o(i.USART_Cmd)
    USART_GetITStatus                        0x080015b1   Thumb Code    84  stm32f10x_usart.o(i.USART_GetITStatus)
    USART_ITConfig                           0x08001605   Thumb Code    74  stm32f10x_usart.o(i.USART_ITConfig)
    USART_Init                               0x08001651   Thumb Code   210  stm32f10x_usart.o(i.USART_Init)
    USART_ReceiveData                        0x08001729   Thumb Code    10  stm32f10x_usart.o(i.USART_ReceiveData)
    UsageFault_Handler                       0x08001733   Thumb Code     4  stm32f10x_it.o(i.UsageFault_Handler)
    _sys_exit                                0x08001737   Thumb Code     6  usart.o(i._sys_exit)
    button_init                              0x0800173d   Thumb Code    60  ierg3810_key_controller.o(i.button_init)
    delay_init                               0x08001781   Thumb Code    50  ierg3810_delay.o(i.delay_init)
    delay_ms                                 0x080017c5   Thumb Code    72  ierg3810_delay.o(i.delay_ms)
    direction_controller                     0x08001811   Thumb Code   132  ierg_game_logic.o(i.direction_controller)
    fputc                                    0x080018a1   Thumb Code    24  usart.o(i.fputc)
    gameover                                 0x080018bd   Thumb Code   168  ierg_game_logic.o(i.gameover)
    keyscan                                  0x0800197d   Thumb Code   184  ierg3810_key_controller.o(i.keyscan)
    main                                     0x08001a41   Thumb Code    98  main.o(i.main)
    rtc_init                                 0x08001aa9   Thumb Code   158  rtc.o(i.rtc_init)
    start_game                               0x08001b49   Thumb Code  1154  ierg_game_logic.o(i.start_game)
    start_page                               0x08001fd9   Thumb Code   274  ierg_game_logic.o(i.start_page)
    uart_init                                0x08002129   Thumb Code   152  usart.o(i.uart_init)
    asc2_1608                                0x080021c8   Data        1520  ierg3810_led.o(.constdata)
    TETRIS_FONT                              0x080027b8   Data        1536  ierg3810_led.o(.constdata)
    PLAY                                     0x08002db8   Data         256  ierg3810_led.o(.constdata)
    RANK                                     0x08002eb8   Data         256  ierg3810_led.o(.constdata)
    HELP                                     0x08002fb8   Data         256  ierg3810_led.o(.constdata)
    ARROW_L                                  0x080030b8   Data         192  ierg3810_led.o(.constdata)
    ARROW_R                                  0x08003178   Data         192  ierg3810_led.o(.constdata)
    table_week                               0x08003238   Data          12  rtc.o(.constdata)
    mon_table                                0x08003244   Data          12  rtc.o(.constdata)
    Region$$Table$$Base                      0x08003250   Number         0  anon$$obj.o(Region$$Table)
    Region$$Table$$Limit                     0x08003270   Number         0  anon$$obj.o(Region$$Table)
    SystemCoreClock                          0x20000014   Data           4  system_stm32f10x.o(.data)
    AHBPrescTable                            0x20000018   Data          16  system_stm32f10x.o(.data)
    rtc_data                                 0x2000002e   Data           7  rtc.o(.data)
    rtc_bit                                  0x20000035   Data           1  rtc.o(.data)
    TIM5CH1_CAPTURE_STA                      0x20000038   Data           1  tim.o(.data)
    TIM5CH1_CAPTURE_VAL                      0x2000003a   Data           2  tim.o(.data)
    __stdout                                 0x2000003c   Data           4  usart.o(.data)
    USART_RX_STA                             0x20000040   Data           2  usart.o(.data)
    key                                      0x20000042   Data           1  ierg_game_logic.o(.data)
    start                                    0x20000043   Data           1  ierg_game_logic.o(.data)
    speed                                    0x20000044   Data           1  ierg_game_logic.o(.data)
    food                                     0x20000045   Data           3  ierg_game_logic.o(.data)
    game                                     0x20000048   Data           4  ierg_game_logic.o(.data)
    calendar                                 0x20000050   Data          10  rtc.o(.bss)
    USART_RX_BUF                             0x2000005a   Data         200  usart.o(.bss)
    snake                                    0x20000122   Data         204  ierg_game_logic.o(.bss)
    _random_number_data                      0x200001f0   Data         228  rand.o(.bss)
    __libspace_start                         0x200002d4   Data          96  libspace.o(.bss)
    __temporary_stack_top$libspace           0x20000334   Data           0  libspace.o(.bss)



==============================================================================

Memory Map of the image

  Image Entry point : 0x0800020d

  Load Region LR_1 (Base: 0x08000000, Size: 0x000032c0, Max: 0xffffffff, ABSOLUTE)

    Execution Region ER_RO (Base: 0x08000000, Size: 0x00003270, Max: 0xffffffff, ABSOLUTE)

    Base Addr    Size         Type   Attr      Idx    E Section Name        Object

    0x08000000   0x00000130   Data   RO         3125    RESET               startup_stm32f10x_hd.o
    0x08000130   0x00000008   Code   RO         3812  * !!!main             c_w.l(__main.o)
    0x08000138   0x00000034   Code   RO         4006    !!!scatter          c_w.l(__scatter.o)
    0x0800016c   0x0000001a   Code   RO         4008    !!handler_copy      c_w.l(__scatter_copy.o)
    0x08000186   0x00000002   PAD
    0x08000188   0x0000001c   Code   RO         4010    !!handler_zi        c_w.l(__scatter_zi.o)
    0x080001a4   0x00000000   Code   RO         3802    .ARM.Collect$$_printf_percent$$00000000  c_w.l(_printf_percent.o)
    0x080001a4   0x00000006   Code   RO         3801    .ARM.Collect$$_printf_percent$$00000009  c_w.l(_printf_d.o)
    0x080001aa   0x00000004   Code   RO         3843    .ARM.Collect$$_printf_percent$$00000017  c_w.l(_printf_percent_end.o)
    0x080001ae   0x00000002   Code   RO         3934    .ARM.Collect$$libinit$$00000000  c_w.l(libinit.o)
    0x080001b0   0x00000000   Code   RO         3845    .ARM.Collect$$libinit$$00000002  c_w.l(libinit2.o)
    0x080001b0   0x00000000   Code   RO         3847    .ARM.Collect$$libinit$$00000004  c_w.l(libinit2.o)
    0x080001b0   0x00000000   Code   RO         3850    .ARM.Collect$$libinit$$0000000A  c_w.l(libinit2.o)
    0x080001b0   0x00000000   Code   RO         3852    .ARM.Collect$$libinit$$0000000C  c_w.l(libinit2.o)
    0x080001b0   0x00000004   Code   RO         3853    .ARM.Collect$$libinit$$0000000D  c_w.l(libinit2.o)
    0x080001b4   0x00000000   Code   RO         3854    .ARM.Collect$$libinit$$0000000E  c_w.l(libinit2.o)
    0x080001b4   0x00000000   Code   RO         3857    .ARM.Collect$$libinit$$00000011  c_w.l(libinit2.o)
    0x080001b4   0x00000000   Code   RO         3859    .ARM.Collect$$libinit$$00000013  c_w.l(libinit2.o)
    0x080001b4   0x00000000   Code   RO         3861    .ARM.Collect$$libinit$$00000015  c_w.l(libinit2.o)
    0x080001b4   0x00000000   Code   RO         3863    .ARM.Collect$$libinit$$00000017  c_w.l(libinit2.o)
    0x080001b4   0x00000000   Code   RO         3865    .ARM.Collect$$libinit$$00000019  c_w.l(libinit2.o)
    0x080001b4   0x00000000   Code   RO         3867    .ARM.Collect$$libinit$$0000001B  c_w.l(libinit2.o)
    0x080001b4   0x00000000   Code   RO         3869    .ARM.Collect$$libinit$$0000001D  c_w.l(libinit2.o)
    0x080001b4   0x00000000   Code   RO         3871    .ARM.Collect$$libinit$$0000001F  c_w.l(libinit2.o)
    0x080001b4   0x00000000   Code   RO         3873    .ARM.Collect$$libinit$$00000021  c_w.l(libinit2.o)
    0x080001b4   0x00000000   Code   RO         3875    .ARM.Collect$$libinit$$00000023  c_w.l(libinit2.o)
    0x080001b4   0x00000000   Code   RO         3877    .ARM.Collect$$libinit$$00000025  c_w.l(libinit2.o)
    0x080001b4   0x00000000   Code   RO         3881    .ARM.Collect$$libinit$$0000002C  c_w.l(libinit2.o)
    0x080001b4   0x00000000   Code   RO         3883    .ARM.Collect$$libinit$$0000002E  c_w.l(libinit2.o)
    0x080001b4   0x00000000   Code   RO         3885    .ARM.Collect$$libinit$$00000030  c_w.l(libinit2.o)
    0x080001b4   0x00000000   Code   RO         3887    .ARM.Collect$$libinit$$00000032  c_w.l(libinit2.o)
    0x080001b4   0x00000002   Code   RO         3888    .ARM.Collect$$libinit$$00000033  c_w.l(libinit2.o)
    0x080001b6   0x00000002   Code   RO         3968    .ARM.Collect$$libshutdown$$00000000  c_w.l(libshutdown.o)
    0x080001b8   0x00000000   Code   RO         3975    .ARM.Collect$$libshutdown$$00000003  c_w.l(libshutdown2.o)
    0x080001b8   0x00000000   Code   RO         3978    .ARM.Collect$$libshutdown$$00000006  c_w.l(libshutdown2.o)
    0x080001b8   0x00000000   Code   RO         3981    .ARM.Collect$$libshutdown$$00000009  c_w.l(libshutdown2.o)
    0x080001b8   0x00000000   Code   RO         3983    .ARM.Collect$$libshutdown$$0000000B  c_w.l(libshutdown2.o)
    0x080001b8   0x00000000   Code   RO         3986    .ARM.Collect$$libshutdown$$0000000E  c_w.l(libshutdown2.o)
    0x080001b8   0x00000002   Code   RO         3987    .ARM.Collect$$libshutdown$$0000000F  c_w.l(libshutdown2.o)
    0x080001ba   0x00000000   Code   RO         3838    .ARM.Collect$$rtentry$$00000000  c_w.l(__rtentry.o)
    0x080001ba   0x00000000   Code   RO         3895    .ARM.Collect$$rtentry$$00000002  c_w.l(__rtentry2.o)
    0x080001ba   0x00000006   Code   RO         3907    .ARM.Collect$$rtentry$$00000004  c_w.l(__rtentry4.o)
    0x080001c0   0x00000000   Code   RO         3897    .ARM.Collect$$rtentry$$00000009  c_w.l(__rtentry2.o)
    0x080001c0   0x00000004   Code   RO         3898    .ARM.Collect$$rtentry$$0000000A  c_w.l(__rtentry2.o)
    0x080001c4   0x00000000   Code   RO         3900    .ARM.Collect$$rtentry$$0000000C  c_w.l(__rtentry2.o)
    0x080001c4   0x00000008   Code   RO         3901    .ARM.Collect$$rtentry$$0000000D  c_w.l(__rtentry2.o)
    0x080001cc   0x00000002   Code   RO         3940    .ARM.Collect$$rtexit$$00000000  c_w.l(rtexit.o)
    0x080001ce   0x00000000   Code   RO         3950    .ARM.Collect$$rtexit$$00000002  c_w.l(rtexit2.o)
    0x080001ce   0x00000004   Code   RO         3951    .ARM.Collect$$rtexit$$00000003  c_w.l(rtexit2.o)
    0x080001d2   0x00000006   Code   RO         3952    .ARM.Collect$$rtexit$$00000004  c_w.l(rtexit2.o)
    0x080001d8   0x00000034   Code   RO         3803    .emb_text           c_w.l(rand.o)
    0x0800020c   0x00000040   Code   RO         3126  * .text               startup_stm32f10x_hd.o
    0x0800024c   0x00000002   Code   RO         3771    .text               c_w.l(use_no_semi_2.o)
    0x0800024e   0x00000002   PAD
    0x08000250   0x00000018   Code   RO         3775    .text               c_w.l(noretval__2printf.o)
    0x08000268   0x00000068   Code   RO         3777    .text               c_w.l(__printf.o)
    0x080002d0   0x00000078   Code   RO         3779    .text               c_w.l(_printf_dec.o)
    0x08000348   0x0000003c   Code   RO         3804    .text               c_w.l(rand.o)
    0x08000384   0x00000064   Code   RO         3808    .text               c_w.l(rt_memcpy_w.o)
    0x080003e8   0x00000006   Code   RO         3810    .text               c_w.l(heapauxi.o)
    0x080003ee   0x00000002   Code   RO         3836    .text               c_w.l(use_no_semi.o)
    0x080003f0   0x000000b2   Code   RO         3839    .text               c_w.l(_printf_intcommon.o)
    0x080004a2   0x00000002   PAD
    0x080004a4   0x00000024   Code   RO         3841    .text               c_w.l(_printf_char_file.o)
    0x080004c8   0x00000030   Code   RO         3909    .text               c_w.l(_printf_char_common.o)
    0x080004f8   0x00000008   Code   RO         3911    .text               c_w.l(ferror.o)
    0x08000500   0x0000004a   Code   RO         3919    .text               c_w.l(sys_stackheap_outer.o)
    0x0800054a   0x0000000c   Code   RO         3923    .text               c_w.l(exit.o)
    0x08000556   0x00000002   PAD
    0x08000558   0x00000008   Code   RO         3937    .text               c_w.l(libspace.o)
    0x08000560   0x00000010   Code   RO          416    i.BKP_DeInit        stm32f10x_bkp.o
    0x08000570   0x0000001c   Code   RO          421    i.BKP_ReadBackupRegister  stm32f10x_bkp.o
    0x0800058c   0x0000001c   Code   RO          425    i.BKP_WriteBackupRegister  stm32f10x_bkp.o
    0x080005a8   0x00000004   Code   RO            1    i.BusFault_Handler  stm32f10x_it.o
    0x080005ac   0x00000002   Code   RO            2    i.DebugMon_Handler  stm32f10x_it.o
    0x080005ae   0x00000116   Code   RO         1307    i.GPIO_Init         stm32f10x_gpio.o
    0x080006c4   0x00000012   Code   RO         1311    i.GPIO_ReadInputDataBit  stm32f10x_gpio.o
    0x080006d6   0x00000004   Code   RO         1314    i.GPIO_ResetBits    stm32f10x_gpio.o
    0x080006da   0x00000004   Code   RO         1315    i.GPIO_SetBits      stm32f10x_gpio.o
    0x080006de   0x0000005c   Code   RO         3395    i.GUI_Box           ierg3810_game_ui.o
    0x0800073a   0x00000004   Code   RO            3    i.HardFault_Handler  stm32f10x_it.o
    0x0800073e   0x00000076   Code   RO         3225    i.IERG3810_TFTLCD_FillRectangle  ierg3810_led.o
    0x080007b4   0x00000170   Code   RO         3226    i.IERG3810_TFTLCD_Init  ierg3810_led.o
    0x08000924   0x0000002e   Code   RO         3227    i.IERG3810_TFTLCD_SetParameter  ierg3810_led.o
    0x08000952   0x0000004a   Code   RO         3228    i.IERG3810_TFTLCD_SetWindow  ierg3810_led.o
    0x0800099c   0x000000ec   Code   RO         3229    i.IERG3810_TFTLCD_ShowChar  ierg3810_led.o
    0x08000a88   0x0000000c   Code   RO         3231    i.IERG3810_TFTLCD_WrData  ierg3810_led.o
    0x08000a94   0x0000000c   Code   RO         3232    i.IERG3810_TFTLCD_WrReg  ierg3810_led.o
    0x08000aa0   0x00000048   Code   RO         3194    i.IERG_3810_Buzzer_Init  ierg3810_buzzer.o
    0x08000ae8   0x0000003a   Code   RO         3497    i.Is_Leap_Year      rtc.o
    0x08000b22   0x00000004   Code   RO            4    i.MemManage_Handler  stm32f10x_it.o
    0x08000b26   0x00000002   Code   RO            5    i.NMI_Handler       stm32f10x_it.o
    0x08000b28   0x00000070   Code   RO          156    i.NVIC_Init         misc.o
    0x08000b98   0x00000014   Code   RO          157    i.NVIC_PriorityGroupConfig  misc.o
    0x08000bac   0x0000000c   Code   RO         1661    i.PWR_BackupAccessCmd  stm32f10x_pwr.o
    0x08000bb8   0x00000002   Code   RO            6    i.PendSV_Handler    stm32f10x_it.o
    0x08000bba   0x00000002   PAD
    0x08000bbc   0x00000020   Code   RO         1723    i.RCC_APB1PeriphClockCmd  stm32f10x_rcc.o
    0x08000bdc   0x00000020   Code   RO         1725    i.RCC_APB2PeriphClockCmd  stm32f10x_rcc.o
    0x08000bfc   0x0000000c   Code   RO         1728    i.RCC_BackupResetCmd  stm32f10x_rcc.o
    0x08000c08   0x000000d4   Code   RO         1733    i.RCC_GetClocksFreq  stm32f10x_rcc.o
    0x08000cdc   0x00000034   Code   RO         1741    i.RCC_LSEConfig     stm32f10x_rcc.o
    0x08000d10   0x0000000c   Code   RO         1748    i.RCC_RTCCLKCmd     stm32f10x_rcc.o
    0x08000d1c   0x00000010   Code   RO         1749    i.RCC_RTCCLKConfig  stm32f10x_rcc.o
    0x08000d2c   0x00000010   Code   RO         1922    i.RTC_ClearITPendingBit  stm32f10x_rtc.o
    0x08000d3c   0x00000014   Code   RO         1923    i.RTC_EnterConfigMode  stm32f10x_rtc.o
    0x08000d50   0x00000014   Code   RO         1924    i.RTC_ExitConfigMode  stm32f10x_rtc.o
    0x08000d64   0x00000100   Code   RO         3499    i.RTC_Get           rtc.o
    0x08000e64   0x00000014   Code   RO         1925    i.RTC_GetCounter    stm32f10x_rtc.o
    0x08000e78   0x00000024   Code   RO         1928    i.RTC_GetITStatus   stm32f10x_rtc.o
    0x08000e9c   0x00000078   Code   RO         3500    i.RTC_Get_Week      rtc.o
    0x08000f14   0x0000007c   Code   RO         3501    i.RTC_IRQHandler    rtc.o
    0x08000f90   0x00000020   Code   RO         1929    i.RTC_ITConfig      stm32f10x_rtc.o
    0x08000fb0   0x00000020   Code   RO         3502    i.RTC_NVIC_Config   rtc.o
    0x08000fd0   0x000000c8   Code   RO         3503    i.RTC_Set           rtc.o
    0x08001098   0x0000001c   Code   RO         1931    i.RTC_SetCounter    stm32f10x_rtc.o
    0x080010b4   0x00000020   Code   RO         1932    i.RTC_SetPrescaler  stm32f10x_rtc.o
    0x080010d4   0x00000014   Code   RO         1933    i.RTC_WaitForLastTask  stm32f10x_rtc.o
    0x080010e8   0x00000024   Code   RO         1934    i.RTC_WaitForSynchro  stm32f10x_rtc.o
    0x0800110c   0x00000002   Code   RO            7    i.SVC_Handler       stm32f10x_it.o
    0x0800110e   0x00000008   Code   RO         3141    i.SetSysClock       system_stm32f10x.o
    0x08001116   0x00000002   PAD
    0x08001118   0x000000e0   Code   RO         3142    i.SetSysClockTo72   system_stm32f10x.o
    0x080011f8   0x00000028   Code   RO          160    i.SysTick_CLKSourceConfig  misc.o
    0x08001220   0x00000002   Code   RO            8    i.SysTick_Handler   stm32f10x_it.o
    0x08001222   0x00000002   PAD
    0x08001224   0x00000060   Code   RO         3144    i.SystemInit        system_stm32f10x.o
    0x08001284   0x00000034   Code   RO         3446    i.TFT_ClearScreen   ierg3810_lcd_controller.o
    0x080012b8   0x00000020   Code   RO         3657    i.TIM3_IRQHandler   ierg_game_logic.o
    0x080012d8   0x00000064   Code   RO         3579    i.TIM3_Init         tim.o
    0x0800133c   0x000000c0   Code   RO         3580    i.TIM5_IRQHandler   tim.o
    0x080013fc   0x00000006   Code   RO         2352    i.TIM_ClearITPendingBit  stm32f10x_tim.o
    0x08001402   0x00000018   Code   RO         2357    i.TIM_Cmd           stm32f10x_tim.o
    0x0800141a   0x00000006   Code   RO         2372    i.TIM_GetCapture1   stm32f10x_tim.o
    0x08001420   0x00000022   Code   RO         2378    i.TIM_GetITStatus   stm32f10x_tim.o
    0x08001442   0x00000012   Code   RO         2382    i.TIM_ITConfig      stm32f10x_tim.o
    0x08001454   0x00000012   Code   RO         2388    i.TIM_OC1PolarityConfig  stm32f10x_tim.o
    0x08001466   0x00000004   Code   RO         2422    i.TIM_SetCounter    stm32f10x_tim.o
    0x0800146a   0x00000002   PAD
    0x0800146c   0x000000a4   Code   RO         2428    i.TIM_TimeBaseInit  stm32f10x_tim.o
    0x08001510   0x00000088   Code   RO         3616    i.USART1_IRQHandler  usart.o
    0x08001598   0x00000018   Code   RO         2893    i.USART_Cmd         stm32f10x_usart.o
    0x080015b0   0x00000054   Code   RO         2897    i.USART_GetITStatus  stm32f10x_usart.o
    0x08001604   0x0000004a   Code   RO         2899    i.USART_ITConfig    stm32f10x_usart.o
    0x0800164e   0x00000002   PAD
    0x08001650   0x000000d8   Code   RO         2900    i.USART_Init        stm32f10x_usart.o
    0x08001728   0x0000000a   Code   RO         2907    i.USART_ReceiveData  stm32f10x_usart.o
    0x08001732   0x00000004   Code   RO            9    i.UsageFault_Handler  stm32f10x_it.o
    0x08001736   0x00000006   Code   RO         3617    i._sys_exit         usart.o
    0x0800173c   0x00000044   Code   RO         3341    i.button_init       ierg3810_key_controller.o
    0x08001780   0x00000044   Code   RO         3369    i.delay_init        ierg3810_delay.o
    0x080017c4   0x0000004c   Code   RO         3370    i.delay_ms          ierg3810_delay.o
    0x08001810   0x00000090   Code   RO         3658    i.direction_controller  ierg_game_logic.o
    0x080018a0   0x0000001c   Code   RO         3618    i.fputc             usart.o
    0x080018bc   0x000000c0   Code   RO         3659    i.gameover          ierg_game_logic.o
    0x0800197c   0x000000c4   Code   RO         3342    i.keyscan           ierg3810_key_controller.o
    0x08001a40   0x00000068   Code   RO         3730    i.main              main.o
    0x08001aa8   0x0000009e   Code   RO         3504    i.rtc_init          rtc.o
    0x08001b46   0x00000002   PAD
    0x08001b48   0x00000490   Code   RO         3660    i.start_game        ierg_game_logic.o
    0x08001fd8   0x00000150   Code   RO         3661    i.start_page        ierg_game_logic.o
    0x08002128   0x000000a0   Code   RO         3619    i.uart_init         usart.o
    0x080021c8   0x00001070   Data   RO         3233    .constdata          ierg3810_led.o
    0x08003238   0x00000018   Data   RO         3506    .constdata          rtc.o
    0x08003250   0x00000020   Data   RO         4004    Region$$Table       anon$$obj.o


    Execution Region ER_RW (Base: 0x20000000, Size: 0x00000050, Max: 0xffffffff, ABSOLUTE)

    Base Addr    Size         Type   Attr      Idx    E Section Name        Object

    0x20000000   0x00000014   Data   RW         1753    .data               stm32f10x_rcc.o
    0x20000014   0x00000014   Data   RW         3145    .data               system_stm32f10x.o
    0x20000028   0x00000001   Data   RW         3343    .data               ierg3810_key_controller.o
    0x20000029   0x00000001   PAD
    0x2000002a   0x00000004   Data   RW         3372    .data               ierg3810_delay.o
    0x2000002e   0x0000000a   Data   RW         3507    .data               rtc.o
    0x20000038   0x00000004   Data   RW         3583    .data               tim.o
    0x2000003c   0x00000006   Data   RW         3621    .data               usart.o
    0x20000042   0x0000000b   Data   RW         3663    .data               ierg_game_logic.o


    Execution Region ER_ZI (Base: 0x20000050, Size: 0x000008e8, Max: 0xffffffff, ABSOLUTE)

    Base Addr    Size         Type   Attr      Idx    E Section Name        Object

    0x20000050   0x0000000a   Zero   RW         3505    .bss                rtc.o
    0x2000005a   0x000000c8   Zero   RW         3620    .bss                usart.o
    0x20000122   0x000000cc   Zero   RW         3662    .bss                ierg_game_logic.o
    0x200001ee   0x00000002   PAD
    0x200001f0   0x000000e4   Zero   RW         3805    .bss                c_w.l(rand.o)
    0x200002d4   0x00000060   Zero   RW         3938    .bss                c_w.l(libspace.o)
    0x20000334   0x00000004   PAD
    0x20000338   0x00000200   Zero   RW         3124    HEAP                startup_stm32f10x_hd.o
    0x20000538   0x00000400   Zero   RW         3123    STACK               startup_stm32f10x_hd.o


==============================================================================

Image component sizes


      Code (inc. data)   RO Data    RW Data    ZI Data      Debug   Object Name

        72          8          0          0          0        464   ierg3810_buzzer.o
       144         22          0          4          0       1260   ierg3810_delay.o
        92          0          0          0          0        766   ierg3810_game_ui.o
       264         20          0          1          0       1264   ierg3810_key_controller.o
        52          0          0          0          0        622   ierg3810_lcd_controller.o
       866         50       4208          0          0       5661   ierg3810_led.o
      1872        154          0         11        204       4660   ierg_game_logic.o
       104          6          0          0          0        519   main.o
       172         22          0          0          0       1973   misc.o
       948         78         24         10         10       5661   rtc.o
        64         26        304          0       1536        836   startup_stm32f10x_hd.o
        72         10          0          0          0       2588   stm32f10x_bkp.o
       304          0          0          0          0       3528   stm32f10x_gpio.o
        26          0          0          0          0     256570   stm32f10x_it.o
        12          6          0          0          0        490   stm32f10x_pwr.o
       368         54          0         20          0       6318   stm32f10x_rcc.o
       260         48          0          0          0       4932   stm32f10x_rtc.o
       274         42          0          0          0       5005   stm32f10x_tim.o
       408          6          0          0          0       4826   stm32f10x_usart.o
       328         28          0         20          0       2161   system_stm32f10x.o
       292         18          0          4          0       1500   tim.o
       330         26          0          6        200       4188   usart.o

    ----------------------------------------------------------------------
      7336        624       4568         80       1952     315792   Object Totals
         0          0         32          0          0          0   (incl. Generated)
        12          0          0          4          2          0   (incl. Padding)

    ----------------------------------------------------------------------

      Code (inc. data)   RO Data    RW Data    ZI Data      Debug   Library Member Name

         8          0          0          0          0         68   __main.o
       104          0          0          0          0         84   __printf.o
         0          0          0          0          0          0   __rtentry.o
        12          0          0          0          0          0   __rtentry2.o
         6          0          0          0          0          0   __rtentry4.o
        52          8          0          0          0          0   __scatter.o
        26          0          0          0          0          0   __scatter_copy.o
        28          0          0          0          0          0   __scatter_zi.o
        48          6          0          0          0         96   _printf_char_common.o
        36          4          0          0          0         80   _printf_char_file.o
         6          0          0          0          0          0   _printf_d.o
       120         16          0          0          0         92   _printf_dec.o
       178          0          0          0          0         88   _printf_intcommon.o
         0          0          0          0          0          0   _printf_percent.o
         4          0          0          0          0          0   _printf_percent_end.o
        12          0          0          0          0         72   exit.o
         8          0          0          0          0         68   ferror.o
         6          0          0          0          0        152   heapauxi.o
         2          0          0          0          0          0   libinit.o
         6          0          0          0          0          0   libinit2.o
         2          0          0          0          0          0   libshutdown.o
         2          0          0          0          0          0   libshutdown2.o
         8          4          0          0         96         68   libspace.o
        24          4          0          0          0         84   noretval__2printf.o
       112         18          0          0        228        160   rand.o
       100          0          0          0          0         80   rt_memcpy_w.o
         2          0          0          0          0          0   rtexit.o
        10          0          0          0          0          0   rtexit2.o
        74          0          0          0          0         80   sys_stackheap_outer.o
         2          0          0          0          0         68   use_no_semi.o
         2          0          0          0          0         68   use_no_semi_2.o

    ----------------------------------------------------------------------
      1008         60          0          0        328       1408   Library Totals
         8          0          0          0          4          0   (incl. Padding)

    ----------------------------------------------------------------------

      Code (inc. data)   RO Data    RW Data    ZI Data      Debug   Library Name

      1000         60          0          0        324       1408   c_w.l

    ----------------------------------------------------------------------
      1008         60          0          0        328       1408   Library Totals

    ----------------------------------------------------------------------

==============================================================================


      Code (inc. data)   RO Data    RW Data    ZI Data      Debug   

      8344        684       4568         80       2280     312360   Grand Totals
      8344        684       4568         80       2280     312360   ELF Image Totals
      8344        684       4568         80          0          0   ROM Totals

==============================================================================

    Total RO  Size (Code + RO Data)                12912 (  12.61kB)
    Total RW  Size (RW Data + ZI Data)              2360 (   2.30kB)
    Total ROM Size (Code + RO Data + RW Data)      12992 (  12.69kB)

==============================================================================

